Component: ARM Compiler 5.06 update 1 (build 61) Tool: armlink [4d35a8]

==============================================================================

Section Cross References

    startup_stm32f429xx.o(RESET) refers to startup_stm32f429xx.o(STACK) for __initial_sp
    startup_stm32f429xx.o(RESET) refers to startup_stm32f429xx.o(.text) for Reset_Handler
    startup_stm32f429xx.o(RESET) refers to stm32f4xx_it.o(i.NMI_Handler) for NMI_Handler
    startup_stm32f429xx.o(RESET) refers to fault_handle.o(.emb_text) for HardFault_Handler
    startup_stm32f429xx.o(RESET) refers to stm32f4xx_it.o(i.MemManage_Handler) for MemManage_Handler
    startup_stm32f429xx.o(RESET) refers to stm32f4xx_it.o(i.BusFault_Handler) for BusFault_Handler
    startup_stm32f429xx.o(RESET) refers to stm32f4xx_it.o(i.UsageFault_Handler) for UsageFault_Handler
    startup_stm32f429xx.o(RESET) refers to port.o(.emb_text) for SVC_Handler
    startup_stm32f429xx.o(RESET) refers to stm32f4xx_it.o(i.DebugMon_Handler) for DebugMon_Handler
    startup_stm32f429xx.o(RESET) refers to port.o(i.SysTick_Handler) for SysTick_Handler
    startup_stm32f429xx.o(RESET) refers to stm32f4xx_it.o(i.EXTI4_IRQHandler) for EXTI4_IRQHandler
    startup_stm32f429xx.o(RESET) refers to stm32f4xx_it.o(i.DMA1_Stream0_IRQHandler) for DMA1_Stream0_IRQHandler
    startup_stm32f429xx.o(RESET) refers to stm32f4xx_it.o(i.DMA1_Stream1_IRQHandler) for DMA1_Stream1_IRQHandler
    startup_stm32f429xx.o(RESET) refers to stm32f4xx_it.o(i.DMA1_Stream3_IRQHandler) for DMA1_Stream3_IRQHandler
    startup_stm32f429xx.o(RESET) refers to stm32f4xx_it.o(i.DMA1_Stream4_IRQHandler) for DMA1_Stream4_IRQHandler
    startup_stm32f429xx.o(RESET) refers to stm32f4xx_it.o(i.DMA1_Stream5_IRQHandler) for DMA1_Stream5_IRQHandler
    startup_stm32f429xx.o(RESET) refers to stm32f4xx_it.o(i.TIM2_IRQHandler) for TIM2_IRQHandler
    startup_stm32f429xx.o(RESET) refers to stm32f4xx_it.o(i.SPI2_IRQHandler) for SPI2_IRQHandler
    startup_stm32f429xx.o(RESET) refers to stm32f4xx_it.o(i.USART2_IRQHandler) for USART2_IRQHandler
    startup_stm32f429xx.o(RESET) refers to stm32f4xx_it.o(i.SPI3_IRQHandler) for SPI3_IRQHandler
    startup_stm32f429xx.o(RESET) refers to stm32f4xx_it.o(i.UART7_IRQHandler) for UART7_IRQHandler
    startup_stm32f429xx.o(.text) refers to system_stm32f4xx.o(i.SystemInit) for SystemInit
    startup_stm32f429xx.o(.text) refers to entry.o(.ARM.Collect$$$$00000000) for __main
    voice_command.o(i.Classify) refers to gru.o(i.Run_NN_GRU) for Run_NN_GRU
    voice_command.o(i.Classify) refers to voice_command.o(.data) for gru
    voice_command.o(i.Classify) refers to voice_command.o(.bss) for mfcc_buffer
    voice_command.o(i.Run_KWS) refers to memseta.o(.text) for __aeabi_memclr
    voice_command.o(i.Run_KWS) refers to mfcc_1.o(i.MFCC_Compute) for MFCC_Compute
    voice_command.o(i.Run_KWS) refers to voice_command.o(i.Classify) for Classify
    voice_command.o(i.Run_KWS) refers to voice_command.o(.data) for audio_buffer_16
    voice_command.o(i.Run_KWS) refers to voice_command.o(.bss) for mfcc_buffer
    voice_command.o(i.Wake_Up) refers to dnn.o(i.Run_NN) for Run_NN
    voice_command.o(i.Wake_Up) refers to voice_command.o(.data) for dnn
    voice_command.o(i.Wake_Up) refers to voice_command.o(.bss) for mfcc_buffer
    voice_command.o(i.voice_command_fill_buffer) refers to memmovea.o(.text) for __aeabi_memcpy
    voice_command.o(i.voice_command_fill_buffer) refers to voice_command.o(.data) for audio_buffer_16
    rk_serial_protocol.o(i.fletcher16_rx_finalize) refers to rk_serial_protocol.o(.data) for rx_sum1
    rk_serial_protocol.o(i.fletcher16_rx_init) refers to rk_serial_protocol.o(.data) for rx_sum1
    rk_serial_protocol.o(i.fletcher16_rx_step) refers to rk_serial_protocol.o(.data) for rx_sum1
    rk_serial_protocol.o(i.fletcher16_tx_finalize) refers to rk_serial_protocol.o(.data) for tx_sum1
    rk_serial_protocol.o(i.fletcher16_tx_init) refers to rk_serial_protocol.o(.data) for tx_sum1
    rk_serial_protocol.o(i.fletcher16_tx_step) refers to rk_serial_protocol.o(.data) for tx_sum1
    rk_serial_protocol.o(i.rk_serial_protocol_init) refers to rk_serial_protocol.o(i.rk_serial_protocol_set_default_state) for rk_serial_protocol_set_default_state
    rk_serial_protocol.o(i.rk_serial_protocol_init) refers to rk_serial_protocol.o(.bss) for m_config
    rk_serial_protocol.o(i.rk_serial_protocol_rx_byte) refers to rk_serial_protocol.o(i.fletcher16_rx_init) for fletcher16_rx_init
    rk_serial_protocol.o(i.rk_serial_protocol_rx_byte) refers to rk_serial_protocol.o(i.fletcher16_rx_step) for fletcher16_rx_step
    rk_serial_protocol.o(i.rk_serial_protocol_rx_byte) refers to rk_serial_protocol.o(i.fletcher16_rx_finalize) for fletcher16_rx_finalize
    rk_serial_protocol.o(i.rk_serial_protocol_rx_byte) refers to rk_serial_protocol.o(.data) for rx_header_bytes_seen
    rk_serial_protocol.o(i.rk_serial_protocol_rx_byte) refers to rk_serial_protocol.o(.bss) for m_rx_frame_buf
[...]
    _printf_str                              0x00000000   Number         0  stubs.o ABSOLUTE
    _printf_truncate_signed                  0x00000000   Number         0  stubs.o ABSOLUTE
    _printf_truncate_unsigned                0x00000000   Number         0  stubs.o ABSOLUTE
    _printf_u                                0x00000000   Number         0  stubs.o ABSOLUTE
    _printf_wc                               0x00000000   Number         0  stubs.o ABSOLUTE
    _printf_wctomb                           0x00000000   Number         0  stubs.o ABSOLUTE
    _printf_widthprec                        0x00000000   Number         0  stubs.o ABSOLUTE
    _printf_x                                0x00000000   Number         0  stubs.o ABSOLUTE
    __cpp_initialize__aeabi_                  - Undefined Weak Reference
    __cxa_finalize                            - Undefined Weak Reference
    _clock_init                               - Undefined Weak Reference
    _microlib_exit                            - Undefined Weak Reference
    __Vectors_Size                           0x000001ac   Number         0  startup_stm32f429xx.o ABSOLUTE
    __Vectors                                0x08000000   Data           4  startup_stm32f429xx.o(RESET)
    __Vectors_End                            0x080001ac   Data           0  startup_stm32f429xx.o(RESET)
    __main                                   0x080001ad   Thumb Code     0  entry.o(.ARM.Collect$$$$00000000)
    _main_stk                                0x080001ad   Thumb Code     0  entry2.o(.ARM.Collect$$$$00000001)
    _main_scatterload                        0x080001b1   Thumb Code     0  entry5.o(.ARM.Collect$$$$00000004)
    __main_after_scatterload                 0x080001b5   Thumb Code     0  entry5.o(.ARM.Collect$$$$00000004)
    _main_clock                              0x080001b5   Thumb Code     0  entry7b.o(.ARM.Collect$$$$00000008)
    _main_cpp_init                           0x080001b5   Thumb Code     0  entry8b.o(.ARM.Collect$$$$0000000A)
    _main_init                               0x080001b5   Thumb Code     0  entry9a.o(.ARM.Collect$$$$0000000B)
    __rt_final_cpp                           0x080001bd   Thumb Code     0  entry10a.o(.ARM.Collect$$$$0000000D)
    __rt_final_exit                          0x080001bd   Thumb Code     0  entry11a.o(.ARM.Collect$$$$0000000F)
    SVC_Handler                              0x080001c1   Thumb Code    28  port.o(.emb_text)
    __asm___6_port_c_39a90d8d__prvStartFirstTask 0x080001e1   Thumb Code    36  port.o(.emb_text)
    __asm___6_port_c_39a90d8d__prvEnableVFP  0x08000209   Thumb Code    16  port.o(.emb_text)
    PendSV_Handler                           0x0800021d   Thumb Code    88  port.o(.emb_text)
    vPortGetIPSR                             0x08000279   Thumb Code     6  port.o(.emb_text)
    HardFault_Handler                        0x08000281   Thumb Code    18  fault_handle.o(.emb_text)
    Reset_Handler                            0x08000295   Thumb Code     8  startup_stm32f429xx.o(.text)
    ADC_IRQHandler                           0x080002af   Thumb Code     0  startup_stm32f429xx.o(.text)
    CAN1_RX0_IRQHandler                      0x080002af   Thumb Code     0  startup_stm32f429xx.o(.text)
    CAN1_RX1_IRQHandler                      0x080002af   Thumb Code     0  startup_stm32f429xx.o(.text)
    CAN1_SCE_IRQHandler                      0x080002af   Thumb Code     0  startup_stm32f429xx.o(.text)
    CAN1_TX_IRQHandler                       0x080002af   Thumb Code     0  startup_stm32f429xx.o(.text)
    CAN2_RX0_IRQHandler                      0x080002af   Thumb Code     0  startup_stm32f429xx.o(.text)
    CAN2_RX1_IRQHandler                      0x080002af   Thumb Code     0  startup_stm32f429xx.o(.text)
    CAN2_SCE_IRQHandler                      0x080002af   Thumb Code     0  startup_stm32f429xx.o(.text)
    CAN2_TX_IRQHandler                       0x080002af   Thumb Code     0  startup_stm32f429xx.o(.text)
    DCMI_IRQHandler                          0x080002af   Thumb Code     0  startup_stm32f429xx.o(.text)
    DMA1_Stream2_IRQHandler                  0x080002af   Thumb Code     0  startup_stm32f429xx.o(.text)
    DMA1_Stream6_IRQHandler                  0x080002af   Thumb Code     0  startup_stm32f429xx.o(.text)
    DMA1_Stream7_IRQHandler                  0x080002af   Thumb Code     0  startup_stm32f429xx.o(.text)
    DMA2D_IRQHandler                         0x080002af   Thumb Code     0  startup_stm32f429xx.o(.text)
    DMA2_Stream0_IRQHandler                  0x080002af   Thumb Code     0  startup_stm32f429xx.o(.text)
    DMA2_Stream1_IRQHandler                  0x080002af   Thumb Code     0  startup_stm32f429xx.o(.text)
    DMA2_Stream2_IRQHandler                  0x080002af   Thumb Code     0  startup_stm32f429xx.o(.text)
    DMA2_Stream3_IRQHandler                  0x080002af   Thumb Code     0  startup_stm32f429xx.o(.text)
    DMA2_Stream4_IRQHandler                  0x080002af   Thumb Code     0  startup_stm32f429xx.o(.text)
    DMA2_Stream5_IRQHandler                  0x080002af   Thumb Code     0  startup_stm32f429xx.o(.text)
    DMA2_Stream6_IRQHandler                  0x080002af   Thumb Code     0  startup_stm32f429xx.o(.text)
    DMA2_Stream7_IRQHandler                  0x080002af   Thumb Code     0  startup_stm32f429xx.o(.text)
    ETH_IRQHandler                           0x080002af   Thumb Code     0  startup_stm32f429xx.o(.text)
    ETH_WKUP_IRQHandler                      0x080002af   Thumb Code     0  startup_stm32f429xx.o(.text)
    EXTI0_IRQHandler                         0x080002af   Thumb Code     0  startup_stm32f429xx.o(.text)
    EXTI15_10_IRQHandler                     0x080002af   Thumb Code     0  startup_stm32f429xx.o(.text)
    EXTI1_IRQHandler                         0x080002af   Thumb Code     0  startup_stm32f429xx.o(.text)
    EXTI2_IRQHandler                         0x080002af   Thumb Code     0  startup_stm32f429xx.o(.text)
    EXTI3_IRQHandler                         0x080002af   Thumb Code     0  startup_stm32f429xx.o(.text)
    EXTI9_5_IRQHandler                       0x080002af   Thumb Code     0  startup_stm32f429xx.o(.text)
    FLASH_IRQHandler                         0x080002af   Thumb Code     0  startup_stm32f429xx.o(.text)
    FMC_IRQHandler                           0x080002af   Thumb Code     0  startup_stm32f429xx.o(.text)
    FPU_IRQHandler                           0x080002af   Thumb Code     0  startup_stm32f429xx.o(.text)
    HASH_RNG_IRQHandler                      0x080002af   Thumb Code     0  startup_stm32f429xx.o(.text)
    I2C1_ER_IRQHandler                       0x080002af   Thumb Code     0  startup_stm32f429xx.o(.text)
    I2C1_EV_IRQHandler                       0x080002af   Thumb Code     0  startup_stm32f429xx.o(.text)
    I2C2_ER_IRQHandler                       0x080002af   Thumb Code     0  startup_stm32f429xx.o(.text)
    I2C2_EV_IRQHandler                       0x080002af   Thumb Code     0  startup_stm32f429xx.o(.text)
    I2C3_ER_IRQHandler                       0x080002af   Thumb Code     0  startup_stm32f429xx.o(.text)
    I2C3_EV_IRQHandler                       0x080002af   Thumb Code     0  startup_stm32f429xx.o(.text)
    LTDC_ER_IRQHandler                       0x080002af   Thumb Code     0  startup_stm32f429xx.o(.text)
    LTDC_IRQHandler                          0x080002af   Thumb Code     0  startup_stm32f429xx.o(.text)
    OTG_FS_IRQHandler                        0x080002af   Thumb Code     0  startup_stm32f429xx.o(.text)
    OTG_FS_WKUP_IRQHandler                   0x080002af   Thumb Code     0  startup_stm32f429xx.o(.text)
    OTG_HS_EP1_IN_IRQHandler                 0x080002af   Thumb Code     0  startup_stm32f429xx.o(.text)
    OTG_HS_EP1_OUT_IRQHandler                0x080002af   Thumb Code     0  startup_stm32f429xx.o(.text)
    OTG_HS_IRQHandler                        0x080002af   Thumb Code     0  startup_stm32f429xx.o(.text)
    OTG_HS_WKUP_IRQHandler                   0x080002af   Thumb Code     0  startup_stm32f429xx.o(.text)
    PVD_IRQHandler                           0x080002af   Thumb Code     0  startup_stm32f429xx.o(.text)
    RCC_IRQHandler                           0x080002af   Thumb Code     0  startup_stm32f429xx.o(.text)
    RTC_Alarm_IRQHandler                     0x080002af   Thumb Code     0  startup_stm32f429xx.o(.text)
    RTC_WKUP_IRQHandler                      0x080002af   Thumb Code     0  startup_stm32f429xx.o(.text)
    SAI1_IRQHandler                          0x080002af   Thumb Code     0  startup_stm32f429xx.o(.text)
    SDIO_IRQHandler                          0x080002af   Thumb Code     0  startup_stm32f429xx.o(.text)
    SPI1_IRQHandler                          0x080002af   Thumb Code     0  startup_stm32f429xx.o(.text)
    SPI4_IRQHandler                          0x080002af   Thumb Code     0  startup_stm32f429xx.o(.text)
    SPI5_IRQHandler                          0x080002af   Thumb Code     0  startup_stm32f429xx.o(.text)
    SPI6_IRQHandler                          0x080002af   Thumb Code     0  startup_stm32f429xx.o(.text)
    TAMP_STAMP_IRQHandler                    0x080002af   Thumb Code     0  startup_stm32f429xx.o(.text)
    TIM1_BRK_TIM9_IRQHandler                 0x080002af   Thumb Code     0  startup_stm32f429xx.o(.text)
    TIM1_CC_IRQHandler                       0x080002af   Thumb Code     0  startup_stm32f429xx.o(.text)
    TIM1_TRG_COM_TIM11_IRQHandler            0x080002af   Thumb Code     0  startup_stm32f429xx.o(.text)
    TIM1_UP_TIM10_IRQHandler                 0x080002af   Thumb Code     0  startup_stm32f429xx.o(.text)
    TIM3_IRQHandler                          0x080002af   Thumb Code     0  startup_stm32f429xx.o(.text)
    TIM4_IRQHandler                          0x080002af   Thumb Code     0  startup_stm32f429xx.o(.text)
    TIM5_IRQHandler                          0x080002af   Thumb Code     0  startup_stm32f429xx.o(.text)
    TIM6_DAC_IRQHandler                      0x080002af   Thumb Code     0  startup_stm32f429xx.o(.text)
    TIM7_IRQHandler                          0x080002af   Thumb Code     0  startup_stm32f429xx.o(.text)
    TIM8_BRK_TIM12_IRQHandler                0x080002af   Thumb Code     0  startup_stm32f429xx.o(.text)
    TIM8_CC_IRQHandler                       0x080002af   Thumb Code     0  startup_stm32f429xx.o(.text)
    TIM8_TRG_COM_TIM14_IRQHandler            0x080002af   Thumb Code     0  startup_stm32f429xx.o(.text)
    TIM8_UP_TIM13_IRQHandler                 0x080002af   Thumb Code     0  startup_stm32f429xx.o(.text)
    UART4_IRQHandler                         0x080002af   Thumb Code     0  startup_stm32f429xx.o(.text)
    UART5_IRQHandler                         0x080002af   Thumb Code     0  startup_stm32f429xx.o(.text)
    UART8_IRQHandler                         0x080002af   Thumb Code     0  startup_stm32f429xx.o(.text)
    USART1_IRQHandler                        0x080002af   Thumb Code     0  startup_stm32f429xx.o(.text)
    USART3_IRQHandler                        0x080002af   Thumb Code     0  startup_stm32f429xx.o(.text)
    USART6_IRQHandler                        0x080002af   Thumb Code     0  startup_stm32f429xx.o(.text)
    WWDG_IRQHandler                          0x080002af   Thumb Code     0  startup_stm32f429xx.o(.text)
    __aeabi_uldivmod                         0x080002b9   Thumb Code    98  uldiv.o(.text)
    __aeabi_llsl                             0x0800031b   Thumb Code    30  llshl.o(.text)
    _ll_shift_l                              0x0800031b   Thumb Code     0  llshl.o(.text)
    ___aeabi_memcpy4$move                    0x08000339   Thumb Code     0  memmovea.o(.text)
    ___aeabi_memcpy8$move                    0x08000339   Thumb Code     0  memmovea.o(.text)
    __aeabi_memcpy                           0x08000339   Thumb Code    64  memmovea.o(.text)
    __aeabi_memmove                          0x08000339   Thumb Code     0  memmovea.o(.text)
    __aeabi_memmove4                         0x08000339   Thumb Code     0  memmovea.o(.text)
    __aeabi_memmove8                         0x08000339   Thumb Code     0  memmovea.o(.text)
    __aeabi_memset                           0x08000379   Thumb Code    14  memseta.o(.text)
    __aeabi_memset4                          0x08000379   Thumb Code     0  memseta.o(.text)
    __aeabi_memset8                          0x08000379   Thumb Code     0  memseta.o(.text)
    __aeabi_memclr                           0x08000387   Thumb Code     4  memseta.o(.text)
    __aeabi_memclr4                          0x08000387   Thumb Code     0  memseta.o(.text)
    __aeabi_memclr8                          0x08000387   Thumb Code     0  memseta.o(.text)
    memset                                   0x0800038b   Thumb Code    18  memseta.o(.text)
    strlen                                   0x0800039d   Thumb Code    14  strlen.o(.text)
    strcpy                                   0x080003ab   Thumb Code    18  strcpy.o(.text)
    __aeabi_dadd                             0x080003bd   Thumb Code   322  dadd.o(.text)
    __aeabi_dsub                             0x080004ff   Thumb Code     6  dadd.o(.text)
    __aeabi_drsub                            0x08000505   Thumb Code     6  dadd.o(.text)
    __aeabi_dmul                             0x0800050b   Thumb Code   228  dmul.o(.text)
    __aeabi_ddiv                             0x080005ef   Thumb Code   222  ddiv.o(.text)
    __aeabi_f2d                              0x080006cd   Thumb Code    38  f2d.o(.text)
    __aeabi_d2f                              0x080006f3   Thumb Code    56  d2f.o(.text)
    __aeabi_uidiv                            0x0800072b   Thumb Code     0  uidiv.o(.text)
    __aeabi_uidivmod                         0x0800072b   Thumb Code    44  uidiv.o(.text)
    __aeabi_llsr                             0x08000757   Thumb Code    32  llushr.o(.text)
    _ll_ushift_r                             0x08000757   Thumb Code     0  llushr.o(.text)
    __aeabi_lasr                             0x08000777   Thumb Code    36  llsshr.o(.text)
    _ll_sshift_r                             0x08000777   Thumb Code     0  llsshr.o(.text)
    __I$use$fp                               0x0800079b   Thumb Code     0  iusefp.o(.text)
    _float_round                             0x0800079b   Thumb Code    18  fepilogue.o(.text)
    _float_epilogue                          0x080007ad   Thumb Code    92  fepilogue.o(.text)
    _double_round                            0x08000809   Thumb Code    30  depilogue.o(.text)
    _double_epilogue                         0x08000827   Thumb Code   156  depilogue.o(.text)
    _drnd                                    0x080008c5   Thumb Code   132  drnd.o(.text)
    __aeabi_d2ulz                            0x0800094d   Thumb Code    48  dfixul.o(.text)
    __aeabi_cdcmpeq                          0x0800097d   Thumb Code     0  cdcmple.o(.text)
    __aeabi_cdcmple                          0x0800097d   Thumb Code    48  cdcmple.o(.text)
    __aeabi_cdrcmple                         0x080009ad   Thumb Code    48  cdrcmple.o(.text)
    __scatterload                            0x080009dd   Thumb Code    28  init.o(.text)
    __scatterload_rt2                        0x080009dd   Thumb Code     0  init.o(.text)
    __decompress                             0x08000a01   Thumb Code     0  __dczerorl.o(.text)
    __decompress0                            0x08000a01   Thumb Code    58  __dczerorl.o(.text)
    Assert_Is_NULL                           0x08000a3d   Thumb Code    20  main.o(i.Assert_Is_NULL)
    BusFault_Handler                         0x08000a61   Thumb Code     4  stm32f4xx_it.o(i.BusFault_Handler)
    Classify                                 0x08000a65   Thumb Code    88  voice_command.o(i.Classify)
    DMA1_Stream0_IRQHandler                  0x08000ad1   Thumb Code    10  stm32f4xx_it.o(i.DMA1_Stream0_IRQHandler)
    DMA1_Stream1_IRQHandler                  0x08000ae1   Thumb Code    10  stm32f4xx_it.o(i.DMA1_Stream1_IRQHandler)
    DMA1_Stream3_IRQHandler                  0x08000af1   Thumb Code    10  stm32f4xx_it.o(i.DMA1_Stream3_IRQHandler)
    DMA1_Stream4_IRQHandler                  0x08000b01   Thumb Code    10  stm32f4xx_it.o(i.DMA1_Stream4_IRQHandler)
    DMA1_Stream5_IRQHandler                  0x08000b11   Thumb Code    10  stm32f4xx_it.o(i.DMA1_Stream5_IRQHandler)
    DebugMon_Handler                         0x08000c2b   Thumb Code     2  stm32f4xx_it.o(i.DebugMon_Handler)
    Direction_Init_Communication             0x08000c2d   Thumb Code    64  direction.o(i.Direction_Init_Communication)
    EXTI4_IRQHandler                         0x08000c89   Thumb Code    10  stm32f4xx_it.o(i.EXTI4_IRQHandler)
    Error_Handler                            0x08000c95   Thumb Code    40  main.o(i.Error_Handler)
    Esp32_Change_Spi_Cs                      0x08000ced   Thumb Code    18  esp32.o(i.Esp32_Change_Spi_Cs)
    FMC_SDRAM_Init                           0x08000d05   Thumb Code   420  stm32f4xx_ll_fmc.o(i.FMC_SDRAM_Init)
    FMC_SDRAM_ProgramRefreshRate             0x08000ee5   Thumb Code    54  stm32f4xx_ll_fmc.o(i.FMC_SDRAM_ProgramRefreshRate)
    FMC_SDRAM_SendCommand                    0x08000f59   Thumb Code   224  stm32f4xx_ll_fmc.o(i.FMC_SDRAM_SendCommand)
    FMC_SDRAM_Timing_Init                    0x08001075   Thumb Code   354  stm32f4xx_ll_fmc.o(i.FMC_SDRAM_Timing_Init)
    HAL_DMA_Abort_IT                         0x0800122f   Thumb Code    40  stm32f4xx_hal_dma.o(i.HAL_DMA_Abort_IT)
    HAL_DMA_IRQHandler                       0x08001259   Thumb Code   570  stm32f4xx_hal_dma.o(i.HAL_DMA_IRQHandler)
    HAL_DMA_Init                             0x08001499   Thumb Code   792  stm32f4xx_hal_dma.o(i.HAL_DMA_Init)
    HAL_DMA_Start_IT                         0x080017f5   Thumb Code   166  stm32f4xx_hal_dma.o(i.HAL_DMA_Start_IT)
    HAL_Delay                                0x080018d5   Thumb Code    36  stm32f4xx_hal.o(i.HAL_Delay)
    HAL_GPIO_EXTI_Callback                   0x080019ed   Thumb Code    32  main.o(i.HAL_GPIO_EXTI_Callback)
    HAL_GPIO_EXTI_IRQHandler                 0x08001a11   Thumb Code    24  stm32f4xx_hal_gpio.o(i.HAL_GPIO_EXTI_IRQHandler)
    HAL_GPIO_Init                            0x08001a2d   Thumb Code  1176  stm32f4xx_hal_gpio.o(i.HAL_GPIO_Init)
    HAL_GPIO_ReadPin                         0x08001ec5   Thumb Code    44  stm32f4xx_hal_gpio.o(i.HAL_GPIO_ReadPin)
    HAL_GPIO_WritePin                        0x08001f2d   Thumb Code    60  stm32f4xx_hal_gpio.o(i.HAL_GPIO_WritePin)
    HAL_GetTick                              0x08001fa5   Thumb Code     6  stm32f4xx_hal.o(i.HAL_GetTick)
    HAL_I2CEx_ConfigAnalogFilter             0x08001fb1   Thumb Code   130  stm32f4xx_hal_i2c_ex.o(i.HAL_I2CEx_ConfigAnalogFilter)
    HAL_I2CEx_ConfigDigitalFilter            0x0800207d   Thumb Code   128  stm32f4xx_hal_i2c_ex.o(i.HAL_I2CEx_ConfigDigitalFilter)
    HAL_I2C_Init                             0x08002145   Thumb Code   664  stm32f4xx_hal_i2c.o(i.HAL_I2C_Init)
    HAL_I2C_MspInit                          0x08002435   Thumb Code   230  stm32f4xx_hal_msp.o(i.HAL_I2C_MspInit)
    HAL_I2SEx_FullDuplex_IRQHandler          0x0800252d   Thumb Code   572  stm32f4xx_hal_i2s_ex.o(i.HAL_I2SEx_FullDuplex_IRQHandler)
    HAL_I2SEx_TxRxCpltCallback               0x08002771   Thumb Code     2  stm32f4xx_hal_i2s_ex.o(i.HAL_I2SEx_TxRxCpltCallback)
    HAL_I2S_ErrorCallback                    0x08002773   Thumb Code     2  stm32f4xx_hal_i2s.o(i.HAL_I2S_ErrorCallback)
    HAL_I2S_IRQHandler                       0x08002775   Thumb Code    12  stm32f4xx_hal_i2s.o(i.HAL_I2S_IRQHandler)
    HAL_I2S_Init                             0x08002781   Thumb Code   698  stm32f4xx_hal_i2s.o(i.HAL_I2S_Init)
    HAL_I2S_MspInit                          0x08002a8d   Thumb Code   418  stm32f4xx_hal_msp.o(i.HAL_I2S_MspInit)
    HAL_I2S_RxCpltCallback                   0x08002c51   Thumb Code     2  stm32f4xx_hal_i2s.o(i.HAL_I2S_RxCpltCallback)
    HAL_I2S_TxCpltCallback                   0x08002c53   Thumb Code     2  stm32f4xx_hal_i2s.o(i.HAL_I2S_TxCpltCallback)
    HAL_IncTick                              0x08002c55   Thumb Code    16  stm32f4xx_hal.o(i.HAL_IncTick)
    HAL_Init                                 0x08002c6d   Thumb Code    54  stm32f4xx_hal.o(i.HAL_Init)
    HAL_InitTick                             0x08002ca9   Thumb Code   124  stm32f4xx_hal_timebase_tim.o(i.HAL_InitTick)
    HAL_MspInit                              0x08002d31   Thumb Code    78  stm32f4xx_hal_msp.o(i.HAL_MspInit)
    HAL_NVIC_EnableIRQ                       0x08002d85   Thumb Code    48  stm32f4xx_hal_cortex.o(i.HAL_NVIC_EnableIRQ)
    HAL_NVIC_SetPriority                     0x08002df1   Thumb Code   152  stm32f4xx_hal_cortex.o(i.HAL_NVIC_SetPriority)
    HAL_NVIC_SetPriorityGrouping             0x08002ec5   Thumb Code    66  stm32f4xx_hal_cortex.o(i.HAL_NVIC_SetPriorityGrouping)
    HAL_PWREx_EnableOverDrive                0x08002f4d   Thumb Code   128  stm32f4xx_hal_pwr_ex.o(i.HAL_PWREx_EnableOverDrive)
    HAL_RCCEx_GetPeriphCLKFreq               0x08002fd9   Thumb Code   126  stm32f4xx_hal_rcc_ex.o(i.HAL_RCCEx_GetPeriphCLKFreq)
    HAL_RCCEx_PeriphCLKConfig                0x08003069   Thumb Code  1514  stm32f4xx_hal_rcc_ex.o(i.HAL_RCCEx_PeriphCLKConfig)
    HAL_RCC_ClockConfig                      0x08003669   Thumb Code   660  stm32f4xx_hal_rcc.o(i.HAL_RCC_ClockConfig)
    HAL_RCC_GetClockConfig                   0x08003949   Thumb Code    58  stm32f4xx_hal_rcc.o(i.HAL_RCC_GetClockConfig)
    HAL_RCC_GetHCLKFreq                      0x0800398d   Thumb Code     6  stm32f4xx_hal_rcc.o(i.HAL_RCC_GetHCLKFreq)
    HAL_RCC_GetPCLK1Freq                     0x08003999   Thumb Code    22  stm32f4xx_hal_rcc.o(i.HAL_RCC_GetPCLK1Freq)
    HAL_RCC_GetPCLK2Freq                     0x080039b9   Thumb Code    22  stm32f4xx_hal_rcc.o(i.HAL_RCC_GetPCLK2Freq)
    HAL_RCC_GetSysClockFreq                  0x080039d9   Thumb Code   162  stm32f4xx_hal_rcc.o(i.HAL_RCC_GetSysClockFreq)
    HAL_RCC_OscConfig                        0x08003a89   Thumb Code  1522  stm32f4xx_hal_rcc.o(i.HAL_RCC_OscConfig)
    HAL_SDRAM_Init                           0x08004085   Thumb Code    64  stm32f4xx_hal_sdram.o(i.HAL_SDRAM_Init)
    HAL_SDRAM_MspInit                        0x080040c5   Thumb Code    10  stm32f4xx_hal_msp.o(i.HAL_SDRAM_MspInit)
    HAL_SDRAM_ProgramRefreshRate             0x080040cf   Thumb Code    40  stm32f4xx_hal_sdram.o(i.HAL_SDRAM_ProgramRefreshRate)
    HAL_SDRAM_SendCommand                    0x080040f7   Thumb Code    58  stm32f4xx_hal_sdram.o(i.HAL_SDRAM_SendCommand)
    HAL_SPI_ErrorCallback                    0x08004131   Thumb Code    26  main.o(i.HAL_SPI_ErrorCallback)
    HAL_SPI_IRQHandler                       0x08004161   Thumb Code   342  stm32f4xx_hal_spi.o(i.HAL_SPI_IRQHandler)
    HAL_SPI_Init                             0x080042bd   Thumb Code   456  stm32f4xx_hal_spi.o(i.HAL_SPI_Init)
    HAL_SPI_MspInit                          0x080044d5   Thumb Code   430  stm32f4xx_hal_msp.o(i.HAL_SPI_MspInit)
    HAL_SPI_RxCpltCallback                   0x080046a5   Thumb Code     2  stm32f4xx_hal_spi.o(i.HAL_SPI_RxCpltCallback)
    HAL_SPI_RxHalfCpltCallback               0x080046a7   Thumb Code     2  main.o(i.HAL_SPI_RxHalfCpltCallback)
    HAL_SPI_TransmitReceive_DMA              0x080046a9   Thumb Code   390  stm32f4xx_hal_spi.o(i.HAL_SPI_TransmitReceive_DMA)
    HAL_SPI_TxRxCpltCallback                 0x0800487d   Thumb Code    18  main.o(i.HAL_SPI_TxRxCpltCallback)
    HAL_SPI_TxRxHalfCpltCallback             0x08004895   Thumb Code     2  stm32f4xx_hal_spi.o(i.HAL_SPI_TxRxHalfCpltCallback)
    HAL_TIMEx_BreakCallback                  0x08004897   Thumb Code     2  stm32f4xx_hal_tim_ex.o(i.HAL_TIMEx_BreakCallback)
    HAL_TIMEx_CommutCallback                 0x08004899   Thumb Code     2  stm32f4xx_hal_tim_ex.o(i.HAL_TIMEx_CommutCallback)
    HAL_TIM_Base_Init                        0x0800489d   Thumb Code   270  stm32f4xx_hal_tim.o(i.HAL_TIM_Base_Init)
    HAL_TIM_Base_MspInit                     0x08004a19   Thumb Code     2  stm32f4xx_hal_tim.o(i.HAL_TIM_Base_MspInit)
    HAL_TIM_Base_Start_IT                    0x08004a1d   Thumb Code   168  stm32f4xx_hal_tim.o(i.HAL_TIM_Base_Start_IT)
    HAL_TIM_IC_CaptureCallback               0x08004b31   Thumb Code     2  stm32f4xx_hal_tim.o(i.HAL_TIM_IC_CaptureCallback)
    HAL_TIM_IRQHandler                       0x08004b33   Thumb Code   406  stm32f4xx_hal_tim.o(i.HAL_TIM_IRQHandler)
    HAL_TIM_OC_DelayElapsedCallback          0x08004cc9   Thumb Code     2  stm32f4xx_hal_tim.o(i.HAL_TIM_OC_DelayElapsedCallback)
    HAL_TIM_PWM_PulseFinishedCallback        0x08004ccb   Thumb Code     2  stm32f4xx_hal_tim.o(i.HAL_TIM_PWM_PulseFinishedCallback)
    HAL_TIM_PeriodElapsedCallback            0x08004ccd   Thumb Code    18  main.o(i.HAL_TIM_PeriodElapsedCallback)
    HAL_TIM_TriggerCallback                  0x08004cdf   Thumb Code     2  stm32f4xx_hal_tim.o(i.HAL_TIM_TriggerCallback)
    HAL_UART_ErrorCallback                   0x08004ce1   Thumb Code   106  main.o(i.HAL_UART_ErrorCallback)
    HAL_UART_IRQHandler                      0x08004d59   Thumb Code   336  stm32f4xx_hal_uart.o(i.HAL_UART_IRQHandler)
    HAL_UART_Init                            0x08004ead   Thumb Code   322  stm32f4xx_hal_uart.o(i.HAL_UART_Init)
    HAL_UART_MspInit                         0x0800504d   Thumb Code   550  stm32f4xx_hal_msp.o(i.HAL_UART_MspInit)
    HAL_UART_Receive_IT                      0x0800529d   Thumb Code   112  stm32f4xx_hal_uart.o(i.HAL_UART_Receive_IT)
    HAL_UART_RxCpltCallback                  0x0800530d   Thumb Code    54  main.o(i.HAL_UART_RxCpltCallback)
    HAL_UART_TxCpltCallback                  0x08005351   Thumb Code    40  main.o(i.HAL_UART_TxCpltCallback)
    KWS_Init                                 0x08005619   Thumb Code     2  voice_command.o(i.KWS_Init)
    Lcd_Init_Communication                   0x0800561d   Thumb Code    44  lcd.o(i.Lcd_Init_Communication)
    MFCC_Compute                             0x0800565d   Thumb Code   642  mfcc_1.o(i.MFCC_Compute)
    MemManage_Handler                        0x08005e2d   Thumb Code     4  stm32f4xx_it.o(i.MemManage_Handler)
    NMI_Handler                              0x08005e31   Thumb Code     2  stm32f4xx_it.o(i.NMI_Handler)
    Run_GRU                                  0x08005e35   Thumb Code   494  gru.o(i.Run_GRU)
    Run_KWS                                  0x08006029   Thumb Code   166  voice_command.o(i.Run_KWS)
    Run_NN_GRU                               0x080060e1   Thumb Code   200  gru.o(i.Run_NN_GRU)
    SEGGER_RTT_Init                          0x08006271   Thumb Code    60  segger_rtt.o(i.SEGGER_RTT_Init)
    SEGGER_RTT_Write                         0x080062b1   Thumb Code    68  segger_rtt.o(i.SEGGER_RTT_Write)
    SEGGER_RTT_WriteNoLock                   0x080062f9   Thumb Code   126  segger_rtt.o(i.SEGGER_RTT_WriteNoLock)
    SEGGER_RTT_WriteString                   0x0800637d   Thumb Code    26  segger_rtt.o(i.SEGGER_RTT_WriteString)
    SPI2_IRQHandler                          0x08006399   Thumb Code    10  stm32f4xx_it.o(i.SPI2_IRQHandler)
    SPI3_IRQHandler                          0x080063a9   Thumb Code    10  stm32f4xx_it.o(i.SPI3_IRQHandler)
    StartDefaultTask                         0x0800669d   Thumb Code   240  main.o(i.StartDefaultTask)
    SysTick_Handler                          0x080067f5   Thumb Code    46  port.o(i.SysTick_Handler)
    SystemClock_Config                       0x08006829   Thumb Code   216  main.o(i.SystemClock_Config)
    SystemInit                               0x08006909   Thumb Code    24  system_stm32f4xx.o(i.SystemInit)
    TIM2_IRQHandler                          0x08006925   Thumb Code    10  stm32f4xx_it.o(i.TIM2_IRQHandler)
    TIM_Base_SetConfig                       0x08006935   Thumb Code   170  stm32f4xx_hal_tim.o(i.TIM_Base_SetConfig)
    UART7_IRQHandler                         0x08006a0d   Thumb Code    10  stm32f4xx_it.o(i.UART7_IRQHandler)
    USART2_IRQHandler                        0x08007029   Thumb Code    10  stm32f4xx_it.o(i.USART2_IRQHandler)
    UsageFault_Handler                       0x08007039   Thumb Code     4  stm32f4xx_it.o(i.UsageFault_Handler)
    __0vsnprintf                             0x08007189   Thumb Code    32  printfa.o(i.__0vsnprintf)
    __1vsnprintf                             0x08007189   Thumb Code     0  printfa.o(i.__0vsnprintf)
    __2vsnprintf                             0x08007189   Thumb Code     0  printfa.o(i.__0vsnprintf)
    __c89vsnprintf                           0x08007189   Thumb Code     0  printfa.o(i.__0vsnprintf)
    vsnprintf                                0x08007189   Thumb Code     0  printfa.o(i.__0vsnprintf)
    __hardfp_logf                            0x080071f9   Thumb Code   320  logf.o(i.__hardfp_logf)
    __mathlib_logf                           0x080071f9   Thumb Code     0  logf.o(i.__hardfp_logf)
    __hardfp_round                           0x08007369   Thumb Code   194  round.o(i.__hardfp_round)
    __mathlib_flt_divzero                    0x08007449   Thumb Code    14  funder.o(i.__mathlib_flt_divzero)
    __mathlib_flt_infnan                     0x0800745d   Thumb Code     6  funder.o(i.__mathlib_flt_infnan)
    __mathlib_flt_invalid                    0x08007465   Thumb Code    10  funder.o(i.__mathlib_flt_invalid)
    __scatterload_copy                       0x08007475   Thumb Code    14  handlers.o(i.__scatterload_copy)
    __scatterload_null                       0x08007483   Thumb Code     2  handlers.o(i.__scatterload_null)
    __scatterload_zeroinit                   0x08007485   Thumb Code    14  handlers.o(i.__scatterload_zeroinit)
    __set_errno                              0x08007495   Thumb Code     6  errno.o(i.__set_errno)
    app_error_handler                        0x08007d49   Thumb Code    52  main.o(i.app_error_handler)
    arm_add_q15                              0x08007dc1   Thumb Code    84  arm_add_q15.o(i.arm_add_q15)
    arm_bitreversal_32                       0x08007e15   Thumb Code    70  arm_cfft_f32.o(i.arm_bitreversal_32)
    arm_cfft_f32                             0x08007e5b   Thumb Code   240  arm_cfft_f32.o(i.arm_cfft_f32)
    arm_cfft_radix8by2_f32                   0x08007f4b   Thumb Code   778  arm_cfft_f32.o(i.arm_cfft_radix8by2_f32)
    arm_cfft_radix8by4_f32                   0x08008255   Thumb Code  1970  arm_cfft_f32.o(i.arm_cfft_radix8by4_f32)
    arm_fully_connected_mat_q7_vec_q15       0x08008a07   Thumb Code   628  arm_fully_connected_mat_q7_vec_q15.o(i.arm_fully_connected_mat_q7_vec_q15)
    arm_mult_q15                             0x08008c7b   Thumb Code   168  arm_mult_q15.o(i.arm_mult_q15)
    arm_nn_activations_direct_q15            0x08008d25   Thumb Code   224  arm_nn_activations_q15.o(i.arm_nn_activations_direct_q15)
    arm_offset_q15                           0x08008e0d   Thumb Code    74  arm_offset_q15.o(i.arm_offset_q15)
    arm_radix8_butterfly_f32                 0x08008e59   Thumb Code  2820  arm_cfft_radix8_f32.o(i.arm_radix8_butterfly_f32)
    arm_relu_q15                             0x08009961   Thumb Code    82  arm_relu_q15.o(i.arm_relu_q15)
    arm_rfft_fast_f32                        0x080099b3   Thumb Code    76  arm_rfft_fast_f32.o(i.arm_rfft_fast_f32)
    arm_scale_q15                            0x080099ff   Thumb Code   216  arm_scale_q15.o(i.arm_scale_q15)
    arm_shift_q15                            0x08009ad7   Thumb Code   222  arm_shift_q15.o(i.arm_shift_q15)
    arm_sub_q15                              0x08009bb5   Thumb Code    84  arm_sub_q15.o(i.arm_sub_q15)
    assert_failed                            0x08009c09   Thumb Code    46  main.o(i.assert_failed)
    esp32_cmd_uart_tx_done                   0x08009dd9   Thumb Code    34  esp32.o(i.esp32_cmd_uart_tx_done)
    esp32_communication_rx_data              0x08009e05   Thumb Code   104  esp32.o(i.esp32_communication_rx_data)
    esp32_get_audio_data                     0x08009eb9   Thumb Code    78  esp32.o(i.esp32_get_audio_data)
    esp32_notify_slave_busy                  0x08009f25   Thumb Code    54  esp32.o(i.esp32_notify_slave_busy)
    esp32_notify_slave_ready                 0x08009f65   Thumb Code    86  esp32.o(i.esp32_notify_slave_ready)
    esp32_signal_spi_done                    0x08009fc9   Thumb Code    70  esp32.o(i.esp32_signal_spi_done)
    esp32_spi_communication_initialize       0x0800a019   Thumb Code    90  esp32.o(i.esp32_spi_communication_initialize)
    esp32_uart_rx_enable                     0x0800a089   Thumb Code    14  esp32.o(i.esp32_uart_rx_enable)
    hard_fault_handler                       0x0800a0bd   Thumb Code   166  fault_handle.o(i.hard_fault_handler)
    lcd_cmd_done_cb                          0x0800a1b5   Thumb Code    34  lcd.o(i.lcd_cmd_done_cb)
    lcd_uart_get_last_in_data                0x0800a1e1   Thumb Code     6  lcd.o(i.lcd_uart_get_last_in_data)
    lcd_uart_rx_enable                       0x0800a1ed   Thumb Code    14  lcd.o(i.lcd_uart_rx_enable)
    main                                     0x0800a205   Thumb Code   130  main.o(i.main)
    merge_rfft_f32                           0x0800a2a9   Thumb Code   188  arm_rfft_fast_f32.o(i.merge_rfft_f32)
    motor_cmd_done_cb                        0x0800a365   Thumb Code    34  motor.o(i.motor_cmd_done_cb)
    motor_init_communication                 0x0800a391   Thumb Code    44  motor.o(i.motor_init_communication)
    motor_uart_rx_enable                     0x0800a3d1   Thumb Code    14  motor.o(i.motor_uart_rx_enable)
    osKernelInitialize                       0x0800a3e9   Thumb Code    58  cmsis_os2.o(i.osKernelInitialize)
    osKernelStart                            0x0800a429   Thumb Code    68  cmsis_os2.o(i.osKernelStart)
    osThreadNew                              0x0800a471   Thumb Code   208  cmsis_os2.o(i.osThreadNew)
    pvPortMalloc                             0x0800af9d   Thumb Code   296  heap_4.o(i.pvPortMalloc)
    pvTaskIncrementMutexHeldCount            0x0800b0d9   Thumb Code    26  tasks.o(i.pvTaskIncrementMutexHeldCount)
    pxPortInitialiseStack                    0x0800b0f9   Thumb Code    38  port.o(i.pxPortInitialiseStack)
    ringbuff_get_free                        0x0800b125   Thumb Code    48  ringbuff.o(i.ringbuff_get_free)
    ringbuff_write                           0x0800b155   Thumb Code   134  ringbuff.o(i.ringbuff_write)
    rk_log_timestamp                         0x0800b1dd   Thumb Code    24  log.o(i.rk_log_timestamp)
    rk_log_write                             0x0800b1f9   Thumb Code    52  log.o(i.rk_log_write)
    stage_rfft_f32                           0x0800b6bd   Thumb Code   258  arm_rfft_fast_f32.o(i.stage_rfft_f32)
    uxListRemove                             0x0800b7c9   Thumb Code    40  list.o(i.uxListRemove)
    vApplicationGetIdleTaskMemory            0x0800b7f1   Thumb Code    14  cmsis_os2.o(i.vApplicationGetIdleTaskMemory)
    vApplicationGetTimerTaskMemory           0x0800b809   Thumb Code    16  cmsis_os2.o(i.vApplicationGetTimerTaskMemory)
    vListInitialise                          0x0800b821   Thumb Code    26  list.o(i.vListInitialise)
    vListInitialiseItem                      0x0800b83b   Thumb Code     6  list.o(i.vListInitialiseItem)
    vListInsert                              0x0800b841   Thumb Code    52  list.o(i.vListInsert)
    vListInsertEnd                           0x0800b875   Thumb Code    24  list.o(i.vListInsertEnd)
    vPortEnterCritical                       0x0800b88d   Thumb Code    76  port.o(i.vPortEnterCritical)
    vPortExitCritical                        0x0800b8e1   Thumb Code    56  port.o(i.vPortExitCritical)
    vPortFree                                0x0800b91d   Thumb Code   140  heap_4.o(i.vPortFree)
    vPortSetupTimerInterrupt                 0x0800b9b1   Thumb Code    36  port.o(i.vPortSetupTimerInterrupt)
    vPortValidateInterruptPriority           0x0800b9d9   Thumb Code   106  port.o(i.vPortValidateInterruptPriority)
    vQueueAddToRegistry                      0x0800ba51   Thumb Code    38  queue.o(i.vQueueAddToRegistry)
    vQueueWaitForMessageRestricted           0x0800ba7d   Thumb Code    74  queue.o(i.vQueueWaitForMessageRestricted)
    vTaskDelay                               0x0800bac9   Thumb Code    82  tasks.o(i.vTaskDelay)
    vTaskDelayUntil                          0x0800bb25   Thumb Code   200  tasks.o(i.vTaskDelayUntil)
    vTaskInternalSetTimeOutState             0x0800bbf9   Thumb Code    14  tasks.o(i.vTaskInternalSetTimeOutState)
    vTaskMissedYield                         0x0800bc11   Thumb Code     8  tasks.o(i.vTaskMissedYield)
    vTaskPlaceOnEventList                    0x0800bc1d   Thumb Code    52  tasks.o(i.vTaskPlaceOnEventList)
    vTaskPlaceOnEventListRestricted          0x0800bc55   Thumb Code    60  tasks.o(i.vTaskPlaceOnEventListRestricted)
    vTaskPriorityDisinheritAfterTimeout      0x0800bc95   Thumb Code   194  tasks.o(i.vTaskPriorityDisinheritAfterTimeout)
    vTaskStartScheduler                      0x0800bd65   Thumb Code   156  tasks.o(i.vTaskStartScheduler)
    vTaskSuspendAll                          0x0800be1d   Thumb Code    12  tasks.o(i.vTaskSuspendAll)
    vTaskSwitchContext                       0x0800be2d   Thumb Code   122  tasks.o(i.vTaskSwitchContext)
    voice_command_fill_buffer                0x0800bebd   Thumb Code    38  voice_command.o(i.voice_command_fill_buffer)
    xPortStartScheduler                      0x0800bee9   Thumb Code   330  port.o(i.xPortStartScheduler)
    xQueueCreateMutex                        0x0800c051   Thumb Code    34  queue.o(i.xQueueCreateMutex)
    xQueueGenericCreate                      0x0800c073   Thumb Code    96  queue.o(i.xQueueGenericCreate)
    xQueueGenericCreateStatic                0x0800c0d3   Thumb Code   224  queue.o(i.xQueueGenericCreateStatic)
    xQueueGenericReset                       0x0800c1b5   Thumb Code   146  queue.o(i.xQueueGenericReset)
    xQueueGenericSend                        0x0800c24d   Thumb Code   420  queue.o(i.xQueueGenericSend)
    xQueueGenericSendFromISR                 0x0800c3f5   Thumb Code   248  queue.o(i.xQueueGenericSendFromISR)
    xQueueGiveFromISR                        0x0800c4ed   Thumb Code   224  queue.o(i.xQueueGiveFromISR)
    xQueueReceive                            0x0800c5cd   Thumb Code   356  queue.o(i.xQueueReceive)
    xQueueReceiveFromISR                     0x0800c735   Thumb Code   202  queue.o(i.xQueueReceiveFromISR)
    xQueueSemaphoreTake                      0x0800c801   Thumb Code   434  queue.o(i.xQueueSemaphoreTake)
    xTaskCheckForTimeOut                     0x0800c9b9   Thumb Code   132  tasks.o(i.xTaskCheckForTimeOut)
    xTaskCreate                              0x0800ca45   Thumb Code   100  tasks.o(i.xTaskCreate)
    xTaskCreateStatic                        0x0800caa9   Thumb Code   186  tasks.o(i.xTaskCreateStatic)
    xTaskGetSchedulerState                   0x0800cb65   Thumb Code    24  tasks.o(i.xTaskGetSchedulerState)
    xTaskGetTickCount                        0x0800cb85   Thumb Code     6  tasks.o(i.xTaskGetTickCount)
    xTaskGetTickCountFromISR                 0x0800cb91   Thumb Code    16  tasks.o(i.xTaskGetTickCountFromISR)
    xTaskIncrementTick                       0x0800cba5   Thumb Code   280  tasks.o(i.xTaskIncrementTick)
    xTaskPriorityDisinherit                  0x0800cce9   Thumb Code   152  tasks.o(i.xTaskPriorityDisinherit)
    xTaskPriorityInherit                     0x0800cd8d   Thumb Code   150  tasks.o(i.xTaskPriorityInherit)
    xTaskRemoveFromEventList                 0x0800ce31   Thumb Code   126  tasks.o(i.xTaskRemoveFromEventList)
    xTaskResumeAll                           0x0800cec9   Thumb Code   222  tasks.o(i.xTaskResumeAll)
    xTimerCreateTimerTask                    0x0800cfcd   Thumb Code   100  timers.o(i.xTimerCreateTimerTask)
    xTimerGenericCommand                     0x0800d045   Thumb Code   128  timers.o(i.xTimerGenericCommand)
    defaultTask_attributes                   0x0800d0c8   Data          36  main.o(.constdata)
    voice_task_attributes                    0x0800d0ec   Data          36  main.o(.constdata)
    AHBPrescTable                            0x0800d110   Data          16  system_stm32f4xx.o(.constdata)
    APBPrescTable                            0x0800d120   Data           8  system_stm32f4xx.o(.constdata)
    gru1_wt_z                                0x0800d130   Data         640  gru.o(.constdata)
    gru1_wt_r                                0x0800d3b0   Data         640  gru.o(.constdata)
    gru1_wt_h                                0x0800d630   Data         640  gru.o(.constdata)
    gru1_bias_z                              0x0800d8b0   Data          64  gru.o(.constdata)
    gru1_bias_r                              0x0800d8f0   Data          64  gru.o(.constdata)
    gru1_bias_h                              0x0800d930   Data          64  gru.o(.constdata)
    gru1_wt_rec_z                            0x0800d970   Data        4096  gru.o(.constdata)
    gru1_wt_rec_r                            0x0800e970   Data        4096  gru.o(.constdata)
    gru1_wt_rec_h                            0x0800f970   Data        4096  gru.o(.constdata)
    dense_wt_gru                             0x08010970   Data        4096  gru.o(.constdata)
    dense_bias_gru                           0x08011970   Data          64  gru.o(.constdata)
    output_wt_gru                            0x080119b0   Data         128  gru.o(.constdata)
    output_bias_gru                          0x08011a30   Data           2  gru.o(.constdata)
    sigmoidTable_q7                          0x08011a32   Data         256  arm_nntables.o(.constdata)
    sigmoidTable_q15                         0x08011b32   Data         512  arm_nntables.o(.constdata)
    sigmoidLTable_q15                        0x08011d32   Data         256  arm_nntables.o(.constdata)
    sigmoidHTable_q15                        0x08011e32   Data         384  arm_nntables.o(.constdata)
    tanhTable_q7                             0x08011fb2   Data         256  arm_nntables.o(.constdata)
    tanhTable_q15                            0x080120b2   Data         512  arm_nntables.o(.constdata)
    tanhLTable_q15                           0x080122b2   Data         256  arm_nntables.o(.constdata)
    tanhHTable_q15                           0x080123b2   Data         384  arm_nntables.o(.constdata)
    Region$$Table$$Base                      0x08012624   Number         0  anon$$obj.o(Region$$Table)
    Region$$Table$$Limit                     0x08012664   Number         0  anon$$obj.o(Region$$Table)
    audio_buffer_float                       0x10000000   Data           4  voice_command.o(.data)
    gru_output                               0x10000008   Data           4  voice_command.o(.data)
    dnn_output                               0x1000000c   Data           4  voice_command.o(.data)
    prediction_history                       0x10000010   Data           4  voice_command.o(.data)
    prediction                               0x10000014   Data           4  voice_command.o(.data)
    mfcc                                     0x10000018   Data           4  voice_command.o(.data)
    dnn                                      0x1000001c   Data           4  voice_command.o(.data)
    gru                                      0x10000020   Data           4  voice_command.o(.data)
    FLAG_wakeup                              0x10000024   Data           1  voice_command.o(.data)
    vad_result                               0x10000025   Data           1  voice_command.o(.data)
    flag_vad                                 0x10000026   Data           1  voice_command.o(.data)
    time_run                                 0x10000028   Data           4  voice_command.o(.data)
    time_wait                                0x1000002c   Data           4  voice_command.o(.data)
    stamp1                                   0x10000030   Data           4  voice_command.o(.data)
    stamp2                                   0x10000034   Data           4  voice_command.o(.data)
    stamp3                                   0x10000038   Data           4  voice_command.o(.data)
    stamp4                                   0x1000003c   Data           4  voice_command.o(.data)
    defaultTaskHandle                        0x10000040   Data           4  main.o(.data)
    task_handle_log                          0x10000044   Data           4  main.o(.data)
    uwWriteReadStatus                        0x10000048   Data           4  main.o(.data)
    uwIndex                                  0x1000004c   Data           4  main.o(.data)
    audio_buffer_1s                          0x10000050   Data           4  main.o(.data)
    Motor_Command_TX                         0x10000054   Data           5  main.o(.data)
    Eye_Command_TX                           0x10000059   Data           5  main.o(.data)
    SystemCoreClock                          0x10000074   Data           4  system_stm32f4xx.o(.data)
    uwTick                                   0x10000090   Data           4  stm32f4xx_hal.o(.data)
    uwTickPrio                               0x10000094   Data           4  stm32f4xx_hal.o(.data)
    uwTickFreq                               0x10000098   Data           1  stm32f4xx_hal.o(.data)
    mfcc_buffer                              0x100000bc   Data         500  voice_command.o(.bss)
    _SEGGER_RTT                              0x100002b0   Data         168  segger_rtt.o(.bss)
    xQueueRegistry                           0x10000768   Data          64  queue.o(.bss)
    TxBuffer                                 0x20000004   Data           4  esp32.o(.data)
    RxBuffer                                 0x20000008   Data           4  esp32.o(.data)
    pxCurrentTCB                             0x20000038   Data           4  tasks.o(.data)
    hi2c1                                    0x20000098   Data          84  main.o(.bss)
    hi2c2                                    0x200000ec   Data          84  main.o(.bss)
    hi2s3                                    0x20000140   Data          72  main.o(.bss)
    hdma_i2s3_ext_rx                         0x20000188   Data          96  main.o(.bss)
    hdma_spi3_tx                             0x200001e8   Data          96  main.o(.bss)
    hspi2                                    0x20000248   Data          88  main.o(.bss)
    hspi4                                    0x200002a0   Data          88  main.o(.bss)
    hdma_spi2_rx                             0x200002f8   Data          96  main.o(.bss)
    hdma_spi2_tx                             0x20000358   Data          96  main.o(.bss)
    huart4                                   0x200003b8   Data          64  main.o(.bss)
    huart7                                   0x200003f8   Data          64  main.o(.bss)
    huart1                                   0x20000438   Data          64  main.o(.bss)
    huart2                                   0x20000478   Data          64  main.o(.bss)
    hdma_uart7_tx                            0x200004b8   Data          96  main.o(.bss)
    hsdram1                                  0x20000518   Data          52  main.o(.bss)
    aTxBuffer                                0x2000054c   Data        1024  main.o(.bss)
    aRxBuffer                                0x2000094c   Data        1024  main.o(.bss)
    command                                  0x20000d4c   Data          16  main.o(.bss)
    htim2                                    0x20000d5c   Data          64  stm32f4xx_hal_timebase_tim.o(.bss)
    __initial_sp                             0x20021328   Data           0  startup_stm32f429xx.o(STACK)



==============================================================================

Memory Map of the image

  Image Entry point : 0x080001ad

  Load Region LR_IROM1 (Base: 0x08000000, Size: 0x000127b8, Max: 0x00100000, ABSOLUTE)

    Execution Region ER_IROM1 (Base: 0x08000000, Size: 0x00012664, Max: 0x00100000, ABSOLUTE)

    Base Addr    Size         Type   Attr      Idx    E Section Name        Object

    0x08000000   0x000001ac   Data   RO            3    RESET               startup_stm32f429xx.o
    0x080001ac   0x00000000   Code   RO        10422  * .ARM.Collect$$$$00000000  mc_w.l(entry.o)
    0x080001ac   0x00000004   Code   RO        10825    .ARM.Collect$$$$00000001  mc_w.l(entry2.o)
    0x080001b0   0x00000004   Code   RO        10828    .ARM.Collect$$$$00000004  mc_w.l(entry5.o)
    0x080001b4   0x00000000   Code   RO        10830    .ARM.Collect$$$$00000008  mc_w.l(entry7b.o)
    0x080001b4   0x00000000   Code   RO        10832    .ARM.Collect$$$$0000000A  mc_w.l(entry8b.o)
    0x080001b4   0x00000008   Code   RO        10833    .ARM.Collect$$$$0000000B  mc_w.l(entry9a.o)
    0x080001bc   0x00000000   Code   RO        10835    .ARM.Collect$$$$0000000D  mc_w.l(entry10a.o)
    0x080001bc   0x00000000   Code   RO        10837    .ARM.Collect$$$$0000000F  mc_w.l(entry11a.o)
    0x080001bc   0x00000004   Code   RO        10826    .ARM.Collect$$$$00002712  mc_w.l(entry2.o)
    0x080001c0   0x000000be   Code   RO         7454    .emb_text           port.o
    0x0800027e   0x00000002   PAD
    0x08000280   0x00000012   Code   RO        10209    .emb_text           fault_handle.o
    0x08000292   0x00000002   PAD
    0x08000294   0x00000024   Code   RO            4    .text               startup_stm32f429xx.o
    0x080002b8   0x00000062   Code   RO        10425    .text               mc_w.l(uldiv.o)
    0x0800031a   0x0000001e   Code   RO        10427    .text               mc_w.l(llshl.o)
    0x08000338   0x00000040   Code   RO        10459    .text               mc_w.l(memmovea.o)
    0x08000378   0x00000024   Code   RO        10463    .text               mc_w.l(memseta.o)
    0x0800039c   0x0000000e   Code   RO        10465    .text               mc_w.l(strlen.o)
    0x080003aa   0x00000012   Code   RO        10467    .text               mc_w.l(strcpy.o)
    0x080003bc   0x0000014e   Code   RO        10764    .text               mf_w.l(dadd.o)
    0x0800050a   0x000000e4   Code   RO        10766    .text               mf_w.l(dmul.o)
    0x080005ee   0x000000de   Code   RO        10768    .text               mf_w.l(ddiv.o)
    0x080006cc   0x00000026   Code   RO        10774    .text               mf_w.l(f2d.o)
    0x080006f2   0x00000038   Code   RO        10776    .text               mf_w.l(d2f.o)
    0x0800072a   0x0000002c   Code   RO        10842    .text               mc_w.l(uidiv.o)
    0x08000756   0x00000020   Code   RO        10844    .text               mc_w.l(llushr.o)
    0x08000776   0x00000024   Code   RO        10846    .text               mc_w.l(llsshr.o)
    0x0800079a   0x00000000   Code   RO        10857    .text               mc_w.l(iusefp.o)
    0x0800079a   0x0000006e   Code   RO        10858    .text               mf_w.l(fepilogue.o)
    0x08000808   0x000000ba   Code   RO        10860    .text               mf_w.l(depilogue.o)
    0x080008c2   0x00000002   PAD
    0x080008c4   0x00000088   Code   RO        10862    .text               mf_w.l(drnd.o)
    0x0800094c   0x00000030   Code   RO        10864    .text               mf_w.l(dfixul.o)
    0x0800097c   0x00000030   Code   RO        10866    .text               mf_w.l(cdcmple.o)
    0x080009ac   0x00000030   Code   RO        10868    .text               mf_w.l(cdrcmple.o)
    0x080009dc   0x00000024   Code   RO        10880    .text               mc_w.l(init.o)
    0x08000a00   0x0000003a   Code   RO        10896    .text               mc_w.l(__dczerorl.o)
    0x08000a3a   0x00000002   PAD
    0x08000a3c   0x00000024   Code   RO          359    i.Assert_Is_NULL    main.o
    0x08000a60   0x00000004   Code   RO          654    i.BusFault_Handler  stm32f4xx_it.o
    0x08000a64   0x0000006c   Code   RO           13    i.Classify          voice_command.o
    0x08000ad0   0x00000010   Code   RO          655    i.DMA1_Stream0_IRQHandler  stm32f4xx_it.o
    0x08000ae0   0x00000010   Code   RO          656    i.DMA1_Stream1_IRQHandler  stm32f4xx_it.o
    0x08000af0   0x00000010   Code   RO          657    i.DMA1_Stream3_IRQHandler  stm32f4xx_it.o
    0x08000b00   0x00000010   Code   RO          658    i.DMA1_Stream4_IRQHandler  stm32f4xx_it.o
    0x08000b10   0x00000010   Code   RO          659    i.DMA1_Stream5_IRQHandler  stm32f4xx_it.o
    0x08000b20   0x00000034   Code   RO         2639    i.DMA_CalcBaseAndBitshift  stm32f4xx_hal_dma.o
    0x08000b54   0x000000aa   Code   RO         2640    i.DMA_CheckFifoParam  stm32f4xx_hal_dma.o
    0x08000bfe   0x0000002c   Code   RO         2641    i.DMA_SetConfig     stm32f4xx_hal_dma.o
    0x08000c2a   0x00000002   Code   RO          660    i.DebugMon_Handler  stm32f4xx_it.o
    0x08000c2c   0x0000005c   Code   RO         1473    i.Direction_Init_Communication  direction.o
    0x08000c88   0x0000000a   Code   RO          661    i.EXTI4_IRQHandler  stm32f4xx_it.o
    0x08000c92   0x00000002   PAD
    0x08000c94   0x00000058   Code   RO          360    i.Error_Handler     main.o
    0x08000cec   0x00000018   Code   RO         1264    i.Esp32_Change_Spi_Cs  esp32.o
    0x08000d04   0x000001e0   Code   RO         1918    i.FMC_SDRAM_Init    stm32f4xx_ll_fmc.o
    0x08000ee4   0x00000074   Code   RO         1919    i.FMC_SDRAM_ProgramRefreshRate  stm32f4xx_ll_fmc.o
    0x08000f58   0x0000011c   Code   RO         1920    i.FMC_SDRAM_SendCommand  stm32f4xx_ll_fmc.o
    0x08001074   0x000001a4   Code   RO         1922    i.FMC_SDRAM_Timing_Init  stm32f4xx_ll_fmc.o
    0x08001218   0x00000016   Code   RO          361    i.Fill_Buffer       main.o
    0x0800122e   0x00000028   Code   RO         2643    i.HAL_DMA_Abort_IT  stm32f4xx_hal_dma.o
    0x08001256   0x00000002   PAD
    0x08001258   0x00000240   Code   RO         2647    i.HAL_DMA_IRQHandler  stm32f4xx_hal_dma.o
    0x08001498   0x0000035c   Code   RO         2648    i.HAL_DMA_Init      stm32f4xx_hal_dma.o
    0x080017f4   0x000000e0   Code   RO         2652    i.HAL_DMA_Start_IT  stm32f4xx_hal_dma.o
    0x080018d4   0x00000028   Code   RO         3084    i.HAL_Delay         stm32f4xx_hal.o
    0x080018fc   0x000000f0   Code   RO          773    i.HAL_FMC_MspInit   stm32f4xx_hal_msp.o
    0x080019ec   0x00000024   Code   RO          362    i.HAL_GPIO_EXTI_Callback  main.o
    0x08001a10   0x0000001c   Code   RO         2534    i.HAL_GPIO_EXTI_IRQHandler  stm32f4xx_hal_gpio.o
    0x08001a2c   0x00000498   Code   RO         2535    i.HAL_GPIO_Init     stm32f4xx_hal_gpio.o
    0x08001ec4   0x00000068   Code   RO         2537    i.HAL_GPIO_ReadPin  stm32f4xx_hal_gpio.o
    0x08001f2c   0x00000078   Code   RO         2539    i.HAL_GPIO_WritePin  stm32f4xx_hal_gpio.o
    0x08001fa4   0x0000000c   Code   RO         3092    i.HAL_GetTick       stm32f4xx_hal.o
    0x08001fb0   0x000000cc   Code   RO         3970    i.HAL_I2CEx_ConfigAnalogFilter  stm32f4xx_hal_i2c_ex.o
    0x0800207c   0x000000c8   Code   RO         3971    i.HAL_I2CEx_ConfigDigitalFilter  stm32f4xx_hal_i2c_ex.o
    0x08002144   0x000002f0   Code   RO         3514    i.HAL_I2C_Init      stm32f4xx_hal_i2c.o
    0x08002434   0x000000f8   Code   RO          775    i.HAL_I2C_MspInit   stm32f4xx_hal_msp.o
    0x0800252c   0x00000244   Code   RO         4189    i.HAL_I2SEx_FullDuplex_IRQHandler  stm32f4xx_hal_i2s_ex.o
    0x08002770   0x00000002   Code   RO         4193    i.HAL_I2SEx_TxRxCpltCallback  stm32f4xx_hal_i2s_ex.o
    0x08002772   0x00000002   Code   RO         4004    i.HAL_I2S_ErrorCallback  stm32f4xx_hal_i2s.o
    0x08002774   0x0000000c   Code   RO         4007    i.HAL_I2S_IRQHandler  stm32f4xx_hal_i2s.o
    0x08002780   0x0000030c   Code   RO         4008    i.HAL_I2S_Init      stm32f4xx_hal_i2s.o
    0x08002a8c   0x000001c4   Code   RO          777    i.HAL_I2S_MspInit   stm32f4xx_hal_msp.o
    0x08002c50   0x00000002   Code   RO         4014    i.HAL_I2S_RxCpltCallback  stm32f4xx_hal_i2s.o
    0x08002c52   0x00000002   Code   RO         4019    i.HAL_I2S_TxCpltCallback  stm32f4xx_hal_i2s.o
    0x08002c54   0x00000018   Code   RO         3098    i.HAL_IncTick       stm32f4xx_hal.o
    0x08002c6c   0x0000003c   Code   RO         3099    i.HAL_Init          stm32f4xx_hal.o
    0x08002ca8   0x00000088   Code   RO          869    i.HAL_InitTick      stm32f4xx_hal_timebase_tim.o
    0x08002d30   0x00000054   Code   RO          778    i.HAL_MspInit       stm32f4xx_hal_msp.o
    0x08002d84   0x0000006c   Code   RO         2942    i.HAL_NVIC_EnableIRQ  stm32f4xx_hal_cortex.o
    0x08002df0   0x000000d4   Code   RO         2948    i.HAL_NVIC_SetPriority  stm32f4xx_hal_cortex.o
    0x08002ec4   0x00000088   Code   RO         2949    i.HAL_NVIC_SetPriorityGrouping  stm32f4xx_hal_cortex.o
    0x08002f4c   0x0000008c   Code   RO         2871    i.HAL_PWREx_EnableOverDrive  stm32f4xx_hal_pwr_ex.o
    0x08002fd8   0x00000090   Code   RO         2185    i.HAL_RCCEx_GetPeriphCLKFreq  stm32f4xx_hal_rcc_ex.o
    0x08003068   0x00000600   Code   RO         2186    i.HAL_RCCEx_PeriphCLKConfig  stm32f4xx_hal_rcc_ex.o
    0x08003668   0x000002e0   Code   RO         2079    i.HAL_RCC_ClockConfig  stm32f4xx_hal_rcc.o
    0x08003948   0x00000044   Code   RO         2083    i.HAL_RCC_GetClockConfig  stm32f4xx_hal_rcc.o
    0x0800398c   0x0000000c   Code   RO         2084    i.HAL_RCC_GetHCLKFreq  stm32f4xx_hal_rcc.o
    0x08003998   0x00000020   Code   RO         2086    i.HAL_RCC_GetPCLK1Freq  stm32f4xx_hal_rcc.o
    0x080039b8   0x00000020   Code   RO         2087    i.HAL_RCC_GetPCLK2Freq  stm32f4xx_hal_rcc.o
    0x080039d8   0x000000b0   Code   RO         2088    i.HAL_RCC_GetSysClockFreq  stm32f4xx_hal_rcc.o
    0x08003a88   0x000005fc   Code   RO         2091    i.HAL_RCC_OscConfig  stm32f4xx_hal_rcc.o
    0x08004084   0x00000040   Code   RO         3353    i.HAL_SDRAM_Init    stm32f4xx_hal_sdram.o
    0x080040c4   0x0000000a   Code   RO          780    i.HAL_SDRAM_MspInit  stm32f4xx_hal_msp.o
    0x080040ce   0x00000028   Code   RO         3356    i.HAL_SDRAM_ProgramRefreshRate  stm32f4xx_hal_sdram.o
    0x080040f6   0x0000003a   Code   RO         3362    i.HAL_SDRAM_SendCommand  stm32f4xx_hal_sdram.o
    0x08004130   0x00000030   Code   RO          363    i.HAL_SPI_ErrorCallback  main.o
    0x08004160   0x0000015c   Code   RO         4293    i.HAL_SPI_IRQHandler  stm32f4xx_hal_spi.o
    0x080042bc   0x00000218   Code   RO         4294    i.HAL_SPI_Init      stm32f4xx_hal_spi.o
    0x080044d4   0x000001d0   Code   RO          782    i.HAL_SPI_MspInit   stm32f4xx_hal_msp.o
    0x080046a4   0x00000002   Code   RO         4300    i.HAL_SPI_RxCpltCallback  stm32f4xx_hal_spi.o
    0x080046a6   0x00000002   Code   RO          364    i.HAL_SPI_RxHalfCpltCallback  main.o
    0x080046a8   0x000001d4   Code   RO         4304    i.HAL_SPI_TransmitReceive_DMA  stm32f4xx_hal_spi.o
    0x0800487c   0x00000018   Code   RO          365    i.HAL_SPI_TxRxCpltCallback  main.o
    0x08004894   0x00000002   Code   RO         4311    i.HAL_SPI_TxRxHalfCpltCallback  stm32f4xx_hal_spi.o
    0x08004896   0x00000002   Code   RO         5293    i.HAL_TIMEx_BreakCallback  stm32f4xx_hal_tim_ex.o
    0x08004898   0x00000002   Code   RO         5294    i.HAL_TIMEx_CommutCallback  stm32f4xx_hal_tim_ex.o
    0x0800489a   0x00000002   PAD
    0x0800489c   0x0000017c   Code   RO         4607    i.HAL_TIM_Base_Init  stm32f4xx_hal_tim.o
    0x08004a18   0x00000002   Code   RO         4609    i.HAL_TIM_Base_MspInit  stm32f4xx_hal_tim.o
    0x08004a1a   0x00000002   PAD
    0x08004a1c   0x00000114   Code   RO         4612    i.HAL_TIM_Base_Start_IT  stm32f4xx_hal_tim.o
    0x08004b30   0x00000002   Code   RO         4636    i.HAL_TIM_IC_CaptureCallback  stm32f4xx_hal_tim.o
    0x08004b32   0x00000196   Code   RO         4650    i.HAL_TIM_IRQHandler  stm32f4xx_hal_tim.o
    0x08004cc8   0x00000002   Code   RO         4653    i.HAL_TIM_OC_DelayElapsedCallback  stm32f4xx_hal_tim.o
    0x08004cca   0x00000002   Code   RO         4680    i.HAL_TIM_PWM_PulseFinishedCallback  stm32f4xx_hal_tim.o
    0x08004ccc   0x00000012   Code   RO          366    i.HAL_TIM_PeriodElapsedCallback  main.o
    0x08004cde   0x00000002   Code   RO         4693    i.HAL_TIM_TriggerCallback  stm32f4xx_hal_tim.o
    0x08004ce0   0x00000078   Code   RO          367    i.HAL_UART_ErrorCallback  main.o
    0x08004d58   0x00000154   Code   RO         5568    i.HAL_UART_IRQHandler  stm32f4xx_hal_uart.o
    0x08004eac   0x000001a0   Code   RO         5569    i.HAL_UART_Init     stm32f4xx_hal_uart.o
    0x0800504c   0x00000250   Code   RO          784    i.HAL_UART_MspInit  stm32f4xx_hal_msp.o
    0x0800529c   0x00000070   Code   RO         5574    i.HAL_UART_Receive_IT  stm32f4xx_hal_uart.o
    0x0800530c   0x00000044   Code   RO          368    i.HAL_UART_RxCpltCallback  main.o
    0x08005350   0x00000034   Code   RO          369    i.HAL_UART_TxCpltCallback  main.o
    0x08005384   0x0000003a   Code   RO         4196    i.I2SEx_RxISR_I2S   stm32f4xx_hal_i2s_ex.o
    0x080053be   0x00000002   PAD
    0x080053c0   0x0000006c   Code   RO         4197    i.I2SEx_RxISR_I2SExt  stm32f4xx_hal_i2s_ex.o
    0x0800542c   0x00000038   Code   RO         4198    i.I2SEx_TxISR_I2S   stm32f4xx_hal_i2s_ex.o
    0x08005464   0x0000006c   Code   RO         4199    i.I2SEx_TxISR_I2SExt  stm32f4xx_hal_i2s_ex.o
    0x080054d0   0x000000dc   Code   RO         4026    i.I2S_IRQHandler    stm32f4xx_hal_i2s.o
    0x080055ac   0x00000036   Code   RO         4027    i.I2S_Receive_IT    stm32f4xx_hal_i2s.o
    0x080055e2   0x00000036   Code   RO         4028    i.I2S_Transmit_IT   stm32f4xx_hal_i2s.o
    0x08005618   0x00000002   Code   RO           14    i.KWS_Init          voice_command.o
    0x0800561a   0x00000002   PAD
    0x0800561c   0x00000040   Code   RO         1416    i.Lcd_Init_Communication  lcd.o
    0x0800565c   0x00000298   Code   RO         7688    i.MFCC_Compute      mfcc_1.o
    0x080058f4   0x00000078   Code   RO          370    i.MX_DMA_Init       main.o
    0x0800596c   0x00000080   Code   RO          371    i.MX_FMC_Init       main.o
    0x080059ec   0x000001e8   Code   RO          372    i.MX_GPIO_Init      main.o
    0x08005bd4   0x00000058   Code   RO          373    i.MX_I2C1_Init      main.o
    0x08005c2c   0x00000058   Code   RO          374    i.MX_I2C2_Init      main.o
    0x08005c84   0x00000040   Code   RO          375    i.MX_I2S3_Init      main.o
    0x08005cc4   0x00000044   Code   RO          376    i.MX_SPI2_Init      main.o
    0x08005d08   0x00000044   Code   RO          377    i.MX_SPI4_Init      main.o
    0x08005d4c   0x00000038   Code   RO          378    i.MX_UART4_Init     main.o
    0x08005d84   0x00000038   Code   RO          379    i.MX_UART7_Init     main.o
    0x08005dbc   0x00000038   Code   RO          380    i.MX_USART1_UART_Init  main.o
    0x08005df4   0x00000038   Code   RO          381    i.MX_USART2_UART_Init  main.o
    0x08005e2c   0x00000004   Code   RO          662    i.MemManage_Handler  stm32f4xx_it.o
    0x08005e30   0x00000002   Code   RO          663    i.NMI_Handler       stm32f4xx_it.o
    0x08005e32   0x00000002   PAD
    0x08005e34   0x000001f4   Code   RO         7645    i.Run_GRU           gru.o
    0x08006028   0x000000b8   Code   RO           15    i.Run_KWS           voice_command.o
    0x080060e0   0x000000fc   Code   RO         7646    i.Run_NN_GRU        gru.o
    0x080061dc   0x00000092   Code   RO          382    i.SDRAM_Initialization_Sequence  main.o
    0x0800626e   0x00000002   PAD
    0x08006270   0x00000040   Code   RO          955    i.SEGGER_RTT_Init   segger_rtt.o
    0x080062b0   0x00000048   Code   RO          970    i.SEGGER_RTT_Write  segger_rtt.o
    0x080062f8   0x00000084   Code   RO          973    i.SEGGER_RTT_WriteNoLock  segger_rtt.o
    0x0800637c   0x0000001a   Code   RO          975    i.SEGGER_RTT_WriteString  segger_rtt.o
    0x08006396   0x00000002   PAD
    0x08006398   0x00000010   Code   RO          664    i.SPI2_IRQHandler   stm32f4xx_it.o
    0x080063a8   0x00000010   Code   RO          665    i.SPI3_IRQHandler   stm32f4xx_it.o
    0x080063b8   0x00000014   Code   RO         4321    i.SPI_DMAAbortOnError  stm32f4xx_hal_spi.o
    0x080063cc   0x00000028   Code   RO         4322    i.SPI_DMAError      stm32f4xx_hal_spi.o
    0x080063f4   0x0000000e   Code   RO         4323    i.SPI_DMAHalfReceiveCplt  stm32f4xx_hal_spi.o
    0x08006402   0x0000000e   Code   RO         4325    i.SPI_DMAHalfTransmitReceiveCplt  stm32f4xx_hal_spi.o
    0x08006410   0x0000007c   Code   RO         4326    i.SPI_DMAReceiveCplt  stm32f4xx_hal_spi.o
    0x0800648c   0x00000068   Code   RO         4329    i.SPI_DMATransmitReceiveCplt  stm32f4xx_hal_spi.o
    0x080064f4   0x00000094   Code   RO         4331    i.SPI_EndRxTransaction  stm32f4xx_hal_spi.o
    0x08006588   0x0000006c   Code   RO         4332    i.SPI_EndRxTxTransaction  stm32f4xx_hal_spi.o
    0x080065f4   0x000000a8   Code   RO         4337    i.SPI_WaitFlagStateUntilTimeout  stm32f4xx_hal_spi.o
    0x0800669c   0x00000158   Code   RO          383    i.StartDefaultTask  main.o
    0x080067f4   0x00000034   Code   RO         7455    i.SysTick_Handler   port.o
    0x08006828   0x000000e0   Code   RO          384    i.SystemClock_Config  main.o
    0x08006908   0x0000001c   Code   RO          909    i.SystemInit        system_stm32f4xx.o
    0x08006924   0x00000010   Code   RO          666    i.TIM2_IRQHandler   stm32f4xx_it.o
    0x08006934   0x000000d8   Code   RO         4695    i.TIM_Base_SetConfig  stm32f4xx_hal_tim.o
    0x08006a0c   0x00000010   Code   RO          667    i.UART7_IRQHandler  stm32f4xx_it.o
    0x08006a1c   0x00000014   Code   RO         5582    i.UART_DMAAbortOnError  stm32f4xx_hal_uart.o
    0x08006a30   0x00000020   Code   RO         5592    i.UART_EndRxTransfer  stm32f4xx_hal_uart.o
    0x08006a50   0x00000020   Code   RO         5593    i.UART_EndTransmit_IT  stm32f4xx_hal_uart.o
    0x08006a70   0x000000a6   Code   RO         5595    i.UART_Receive_IT   stm32f4xx_hal_uart.o
    0x08006b16   0x00000002   PAD
    0x08006b18   0x000004a6   Code   RO         5596    i.UART_SetConfig    stm32f4xx_hal_uart.o
    0x08006fbe   0x00000068   Code   RO         5597    i.UART_Transmit_IT  stm32f4xx_hal_uart.o
    0x08007026   0x00000002   PAD
    0x08007028   0x00000010   Code   RO          668    i.USART2_IRQHandler  stm32f4xx_it.o
    0x08007038   0x00000004   Code   RO          669    i.UsageFault_Handler  stm32f4xx_it.o
    0x0800703c   0x00000070   Code   RO          979    i._DoInit           segger_rtt.o
    0x080070ac   0x0000001c   Code   RO          980    i._GetAvailWriteSpace  segger_rtt.o
    0x080070c8   0x00000072   Code   RO          982    i._WriteBlocking    segger_rtt.o
    0x0800713a   0x0000004c   Code   RO          983    i._WriteNoCheck     segger_rtt.o
    0x08007186   0x00000002   PAD
    0x08007188   0x00000024   Code   RO        10711    i.__0vsnprintf      mc_w.l(printfa.o)
    0x080071ac   0x00000010   Code   RO         2955    i.__NVIC_GetPriorityGrouping  stm32f4xx_hal_cortex.o
    0x080071bc   0x00000028   Code   RO         2956    i.__NVIC_SetPriority  stm32f4xx_hal_cortex.o
    0x080071e4   0x00000006   Code   RO         6963    i.__get_BASEPRI     cmsis_os2.o
    0x080071ea   0x00000006   Code   RO         6964    i.__get_IPSR        cmsis_os2.o
    0x080071f0   0x00000006   Code   RO         6965    i.__get_PRIMASK     cmsis_os2.o
    0x080071f6   0x00000002   PAD
    0x080071f8   0x0000016c   Code   RO        10380    i.__hardfp_logf     m_wm.l(logf.o)
    0x08007364   0x00000004   PAD
    0x08007368   0x000000e0   Code   RO        10394    i.__hardfp_round    m_wm.l(round.o)
    0x08007448   0x00000014   Code   RO        10797    i.__mathlib_flt_divzero  m_wm.l(funder.o)
    0x0800745c   0x00000006   Code   RO        10798    i.__mathlib_flt_infnan  m_wm.l(funder.o)
    0x08007462   0x00000002   PAD
    0x08007464   0x00000010   Code   RO        10800    i.__mathlib_flt_invalid  m_wm.l(funder.o)
    0x08007474   0x0000000e   Code   RO        10890    i.__scatterload_copy  mc_w.l(handlers.o)
    0x08007482   0x00000002   Code   RO        10891    i.__scatterload_null  mc_w.l(handlers.o)
    0x08007484   0x0000000e   Code   RO        10892    i.__scatterload_zeroinit  mc_w.l(handlers.o)
    0x08007492   0x00000002   PAD
    0x08007494   0x0000000c   Code   RO        10852    i.__set_errno       mc_w.l(errno.o)
    0x080074a0   0x00000164   Code   RO        10713    i._fp_digits        mc_w.l(printfa.o)
    0x08007604   0x000006dc   Code   RO        10714    i._printf_core      mc_w.l(printfa.o)
    0x08007ce0   0x00000024   Code   RO        10715    i._printf_post_padding  mc_w.l(printfa.o)
    0x08007d04   0x0000002e   Code   RO        10716    i._printf_pre_padding  mc_w.l(printfa.o)
    0x08007d32   0x00000016   Code   RO        10717    i._snputc           mc_w.l(printfa.o)
    0x08007d48   0x00000078   Code   RO          385    i.app_error_handler  main.o
    0x08007dc0   0x00000054   Code   RO         7900    i.arm_add_q15       arm_add_q15.o
    0x08007e14   0x00000046   Code   RO         8885    i.arm_bitreversal_32  arm_cfft_f32.o
    0x08007e5a   0x000000f0   Code   RO         8886    i.arm_cfft_f32      arm_cfft_f32.o
    0x08007f4a   0x0000030a   Code   RO         8887    i.arm_cfft_radix8by2_f32  arm_cfft_f32.o
    0x08008254   0x000007b2   Code   RO         8888    i.arm_cfft_radix8by4_f32  arm_cfft_f32.o
    0x08008a06   0x00000274   Code   RO         8599    i.arm_fully_connected_mat_q7_vec_q15  arm_fully_connected_mat_q7_vec_q15.o
    0x08008c7a   0x000000a8   Code   RO         8092    i.arm_mult_q15      arm_mult_q15.o
    0x08008d22   0x00000002   PAD
    0x08008d24   0x000000e8   Code   RO         8777    i.arm_nn_activations_direct_q15  arm_nn_activations_q15.o
    0x08008e0c   0x0000004a   Code   RO         8284    i.arm_offset_q15    arm_offset_q15.o
    0x08008e56   0x00000002   PAD
    0x08008e58   0x00000b08   Code   RO         9365    i.arm_radix8_butterfly_f32  arm_cfft_radix8_f32.o
    0x08009960   0x00000052   Code   RO         8825    i.arm_relu_q15      arm_relu_q15.o
    0x080099b2   0x0000004c   Code   RO         9575    i.arm_rfft_fast_f32  arm_rfft_fast_f32.o
    0x080099fe   0x000000d8   Code   RO         8380    i.arm_scale_q15     arm_scale_q15.o
    0x08009ad6   0x000000de   Code   RO         8452    i.arm_shift_q15     arm_shift_q15.o
    0x08009bb4   0x00000054   Code   RO         8551    i.arm_sub_q15       arm_sub_q15.o
    0x08009c08   0x00000074   Code   RO          386    i.assert_failed     main.o
    0x08009c7c   0x00000054   Code   RO        10210    i.dump_bus_fault_error_msg  fault_handle.o
    0x08009cd0   0x00000064   Code   RO        10211    i.dump_memory_management_error_msg  fault_handle.o
    0x08009d34   0x000000a4   Code   RO        10212    i.dump_usage_error_msg  fault_handle.o
    0x08009dd8   0x0000002c   Code   RO         1271    i.esp32_cmd_uart_tx_done  esp32.o
    0x08009e04   0x000000b4   Code   RO         1275    i.esp32_communication_rx_data  esp32.o
    0x08009eb8   0x0000006c   Code   RO         1277    i.esp32_get_audio_data  esp32.o
    0x08009f24   0x00000040   Code   RO         1278    i.esp32_notify_slave_busy  esp32.o
    0x08009f64   0x00000064   Code   RO         1279    i.esp32_notify_slave_ready  esp32.o
    0x08009fc8   0x00000050   Code   RO         1280    i.esp32_signal_spi_done  esp32.o
    0x0800a018   0x00000070   Code   RO         1281    i.esp32_spi_communication_initialize  esp32.o
    0x0800a088   0x00000018   Code   RO         1283    i.esp32_uart_rx_enable  esp32.o
    0x0800a0a0   0x0000001c   Code   RO         1284    i.esp32_wait_spi_done  esp32.o
    0x0800a0bc   0x000000f8   Code   RO        10213    i.hard_fault_handler  fault_handle.o
    0x0800a1b4   0x0000002c   Code   RO         1419    i.lcd_cmd_done_cb   lcd.o
    0x0800a1e0   0x0000000c   Code   RO         1420    i.lcd_uart_get_last_in_data  lcd.o
    0x0800a1ec   0x00000018   Code   RO         1421    i.lcd_uart_rx_enable  lcd.o
    0x0800a204   0x000000a4   Code   RO          389    i.main              main.o
    0x0800a2a8   0x000000bc   Code   RO         9576    i.merge_rfft_f32    arm_rfft_fast_f32.o
    0x0800a364   0x0000002c   Code   RO         1510    i.motor_cmd_done_cb  motor.o
    0x0800a390   0x00000040   Code   RO         1511    i.motor_init_communication  motor.o
    0x0800a3d0   0x00000018   Code   RO         1514    i.motor_uart_rx_enable  motor.o
    0x0800a3e8   0x00000040   Code   RO         6980    i.osKernelInitialize  cmsis_os2.o
    0x0800a428   0x00000048   Code   RO         6983    i.osKernelStart     cmsis_os2.o
    0x0800a470   0x000000d4   Code   RO         7016    i.osThreadNew       cmsis_os2.o
    0x0800a544   0x0000007c   Code   RO         6438    i.prvAddCurrentTaskToDelayedList  tasks.o
    0x0800a5c0   0x000000b8   Code   RO         6439    i.prvAddNewTaskToReadyList  tasks.o
    0x0800a678   0x00000074   Code   RO         6802    i.prvCheckForValidListAndQueue  timers.o
    0x0800a6ec   0x00000048   Code   RO         6440    i.prvCheckTasksWaitingTermination  tasks.o
    0x0800a734   0x0000002a   Code   RO         6031    i.prvCopyDataFromQueue  queue.o
    0x0800a75e   0x0000007e   Code   RO         6032    i.prvCopyDataToQueue  queue.o
    0x0800a7dc   0x00000050   Code   RO         6441    i.prvDeleteTCB      tasks.o
    0x0800a82c   0x00000014   Code   RO         6033    i.prvGetDisinheritPriorityAfterTimeout  queue.o
    0x0800a840   0x00000028   Code   RO         6803    i.prvGetNextExpireTime  timers.o
    0x0800a868   0x0000007c   Code   RO         7405    i.prvHeapInit       heap_4.o
    0x0800a8e4   0x00000028   Code   RO         6442    i.prvIdleTask       tasks.o
    0x0800a90c   0x0000001e   Code   RO         6034    i.prvInitialiseMutex  queue.o
    0x0800a92a   0x0000002a   Code   RO         6035    i.prvInitialiseNewQueue  queue.o
    0x0800a954   0x000000be   Code   RO         6443    i.prvInitialiseNewTask  tasks.o
    0x0800aa12   0x00000002   PAD
    0x0800aa14   0x00000068   Code   RO         6444    i.prvInitialiseTaskLists  tasks.o
    0x0800aa7c   0x00000068   Code   RO         7406    i.prvInsertBlockIntoFreeList  heap_4.o
    0x0800aae4   0x00000058   Code   RO         6805    i.prvInsertTimerInActiveList  timers.o
    0x0800ab3c   0x0000001a   Code   RO         6036    i.prvIsQueueEmpty   queue.o
    0x0800ab56   0x0000001e   Code   RO         6037    i.prvIsQueueFull    queue.o
    0x0800ab74   0x00000074   Code   RO         6806    i.prvProcessExpiredTimer  timers.o
    0x0800abe8   0x00000164   Code   RO         6807    i.prvProcessReceivedCommands  timers.o
    0x0800ad4c   0x00000074   Code   RO         6808    i.prvProcessTimerOrBlockTask  timers.o
    0x0800adc0   0x00000034   Code   RO         6446    i.prvResetNextTaskUnblockTime  tasks.o
    0x0800adf4   0x0000002c   Code   RO         6809    i.prvSampleTimeNow  timers.o
    0x0800ae20   0x000000a4   Code   RO         6810    i.prvSwitchTimerLists  timers.o
    0x0800aec4   0x00000040   Code   RO         7456    i.prvTaskExitError  port.o
    0x0800af04   0x0000001a   Code   RO         6811    i.prvTimerTask      timers.o
    0x0800af1e   0x0000007e   Code   RO         6038    i.prvUnlockQueue    queue.o
    0x0800af9c   0x0000013c   Code   RO         7407    i.pvPortMalloc      heap_4.o
    0x0800b0d8   0x00000020   Code   RO         6449    i.pvTaskIncrementMutexHeldCount  tasks.o
    0x0800b0f8   0x0000002c   Code   RO         7457    i.pxPortInitialiseStack  port.o
    0x0800b124   0x00000030   Code   RO         1746    i.ringbuff_get_free  ringbuff.o
    0x0800b154   0x00000086   Code   RO         1757    i.ringbuff_write    ringbuff.o
    0x0800b1da   0x00000002   PAD
    0x0800b1dc   0x0000001c   Code   RO         1843    i.rk_log_timestamp  log.o
    0x0800b1f8   0x00000034   Code   RO         1844    i.rk_log_write      log.o
    0x0800b22c   0x00000218   Code   RO          391    i.sdram_test_loop   main.o
    0x0800b444   0x00000278   Code   RO        10214    i.stack_dump        fault_handle.o
    0x0800b6bc   0x00000102   Code   RO         9577    i.stage_rfft_f32    arm_rfft_fast_f32.o
    0x0800b7be   0x0000000a   Code   RO          392    i.task_uart         main.o
    0x0800b7c8   0x00000028   Code   RO         5994    i.uxListRemove      list.o
    0x0800b7f0   0x00000018   Code   RO         7028    i.vApplicationGetIdleTaskMemory  cmsis_os2.o
    0x0800b808   0x00000018   Code   RO         7029    i.vApplicationGetTimerTaskMemory  cmsis_os2.o
    0x0800b820   0x0000001a   Code   RO         5995    i.vListInitialise   list.o
    0x0800b83a   0x00000006   Code   RO         5996    i.vListInitialiseItem  list.o
    0x0800b840   0x00000034   Code   RO         5997    i.vListInsert       list.o
    0x0800b874   0x00000018   Code   RO         5998    i.vListInsertEnd    list.o
    0x0800b88c   0x00000054   Code   RO         7459    i.vPortEnterCritical  port.o
    0x0800b8e0   0x0000003c   Code   RO         7460    i.vPortExitCritical  port.o
    0x0800b91c   0x00000094   Code   RO         7408    i.vPortFree         heap_4.o
    0x0800b9b0   0x00000028   Code   RO         7461    i.vPortSetupTimerInterrupt  port.o
    0x0800b9d8   0x00000078   Code   RO         7462    i.vPortValidateInterruptPriority  port.o
    0x0800ba50   0x0000002c   Code   RO         6044    i.vQueueAddToRegistry  queue.o
    0x0800ba7c   0x0000004a   Code   RO         6048    i.vQueueWaitForMessageRestricted  queue.o
    0x0800bac6   0x00000002   PAD
    0x0800bac8   0x0000005c   Code   RO         6458    i.vTaskDelay        tasks.o
    0x0800bb24   0x000000d4   Code   RO         6459    i.vTaskDelayUntil   tasks.o
    0x0800bbf8   0x00000018   Code   RO         6463    i.vTaskInternalSetTimeOutState  tasks.o
    0x0800bc10   0x0000000c   Code   RO         6464    i.vTaskMissedYield  tasks.o
    0x0800bc1c   0x00000038   Code   RO         6466    i.vTaskPlaceOnEventList  tasks.o
    0x0800bc54   0x00000040   Code   RO         6467    i.vTaskPlaceOnEventListRestricted  tasks.o
    0x0800bc94   0x000000d0   Code   RO         6469    i.vTaskPriorityDisinheritAfterTimeout  tasks.o
    0x0800bd64   0x000000b8   Code   RO         6475    i.vTaskStartScheduler  tasks.o
    0x0800be1c   0x00000010   Code   RO         6477    i.vTaskSuspendAll   tasks.o
    0x0800be2c   0x00000090   Code   RO         6478    i.vTaskSwitchContext  tasks.o
    0x0800bebc   0x0000002c   Code   RO           17    i.voice_command_fill_buffer  voice_command.o
    0x0800bee8   0x00000168   Code   RO         7463    i.xPortStartScheduler  port.o
    0x0800c050   0x00000022   Code   RO         6051    i.xQueueCreateMutex  queue.o
    0x0800c072   0x00000060   Code   RO         6053    i.xQueueGenericCreate  queue.o
    0x0800c0d2   0x000000e0   Code   RO         6054    i.xQueueGenericCreateStatic  queue.o
    0x0800c1b2   0x00000002   PAD
    0x0800c1b4   0x00000098   Code   RO         6055    i.xQueueGenericReset  queue.o
    0x0800c24c   0x000001a8   Code   RO         6056    i.xQueueGenericSend  queue.o
    0x0800c3f4   0x000000f8   Code   RO         6057    i.xQueueGenericSendFromISR  queue.o
    0x0800c4ec   0x000000e0   Code   RO         6060    i.xQueueGiveFromISR  queue.o
    0x0800c5cc   0x00000168   Code   RO         6066    i.xQueueReceive     queue.o
    0x0800c734   0x000000ca   Code   RO         6067    i.xQueueReceiveFromISR  queue.o
    0x0800c7fe   0x00000002   PAD
    0x0800c800   0x000001b8   Code   RO         6068    i.xQueueSemaphoreTake  queue.o
    0x0800c9b8   0x0000008c   Code   RO         6479    i.xTaskCheckForTimeOut  tasks.o
    0x0800ca44   0x00000064   Code   RO         6480    i.xTaskCreate       tasks.o
    0x0800caa8   0x000000ba   Code   RO         6481    i.xTaskCreateStatic  tasks.o
    0x0800cb62   0x00000002   PAD
    0x0800cb64   0x00000020   Code   RO         6485    i.xTaskGetSchedulerState  tasks.o
    0x0800cb84   0x0000000c   Code   RO         6486    i.xTaskGetTickCount  tasks.o
    0x0800cb90   0x00000014   Code   RO         6487    i.xTaskGetTickCountFromISR  tasks.o
    0x0800cba4   0x00000144   Code   RO         6488    i.xTaskIncrementTick  tasks.o
    0x0800cce8   0x000000a4   Code   RO         6491    i.xTaskPriorityDisinherit  tasks.o
    0x0800cd8c   0x000000a4   Code   RO         6492    i.xTaskPriorityInherit  tasks.o
    0x0800ce30   0x00000098   Code   RO         6493    i.xTaskRemoveFromEventList  tasks.o
    0x0800cec8   0x00000104   Code   RO         6494    i.xTaskResumeAll    tasks.o
    0x0800cfcc   0x00000078   Code   RO         6819    i.xTimerCreateTimerTask  timers.o
    0x0800d044   0x00000084   Code   RO         6820    i.xTimerGenericCommand  timers.o
    0x0800d0c8   0x00000048   Data   RO          395    .constdata          main.o
    0x0800d110   0x00000018   Data   RO          910    .constdata          system_stm32f4xx.o
    0x0800d128   0x00000008   Data   RO         2654    .constdata          stm32f4xx_hal_dma.o
    0x0800d130   0x00004902   Data   RO         7647    .constdata          gru.o
    0x08011a32   0x00000b00   Data   RO         9839    .constdata          arm_nntables.o
    0x08012532   0x00000002   PAD
    0x08012534   0x00000040   Data   RO        10383    .constdata          m_wm.l(logf.o)
    0x08012574   0x00000064   Data   RO          396    .conststring        main.o
    0x080125d8   0x00000006   Data   RO         1286    .conststring        esp32.o
    0x080125de   0x00000002   PAD
    0x080125e0   0x00000042   Data   RO        10215    .conststring        fault_handle.o
    0x08012622   0x00000002   PAD
    0x08012624   0x00000040   Data   RO        10888    Region$$Table       anon$$obj.o


    Execution Region RW_IRAM2 (Base: 0x10000000, Size: 0x00001324, Max: 0x00010000, ABSOLUTE)

    Base Addr    Size         Type   Attr      Idx    E Section Name        Object

    0x10000000   0x00000040   Data   RW           19    .data               voice_command.o
    0x10000040   0x0000002c   Data   RW          397    .data               main.o
    0x1000006c   0x00000008   Data   RW          785    .data               stm32f4xx_hal_msp.o
    0x10000074   0x00000004   Data   RW          911    .data               system_stm32f4xx.o
    0x10000078   0x00000018   Data   RW          985    .data               segger_rtt.o
    0x10000090   0x00000009   Data   RW         3106    .data               stm32f4xx_hal.o
    0x10000099   0x00000003   PAD
    0x1000009c   0x00000004   Data   RW         7031    .data               cmsis_os2.o
    0x100000a0   0x00000018   Data   RW         7413    .data               heap_4.o
    0x100000b8   0x00000004   Data   RW        10853    .data               mc_w.l(errno.o)
    0x100000bc   0x000001f4   Zero   RW           18    .bss                voice_command.o
    0x100002b0   0x000004b8   Zero   RW          984    .bss                segger_rtt.o
    0x10000768   0x00000040   Zero   RW         6070    .bss                queue.o
    0x100007a8   0x000004c4   Zero   RW         6496    .bss                tasks.o
    0x10000c6c   0x000006b8   Zero   RW         7030    .bss                cmsis_os2.o


    Execution Region RW_IRAM1 (Base: 0x20000000, Size: 0x00021328, Max: 0x00030000, ABSOLUTE)

    Base Addr    Size         Type   Attr      Idx    E Section Name        Object

    0x20000000   0x00000028   Data   RW         1287    .data               esp32.o
    0x20000028   0x00000005   Data   RW         1422    .data               lcd.o
    0x2000002d   0x00000003   PAD
    0x20000030   0x00000005   Data   RW         1515    .data               motor.o
    0x20000035   0x00000003   PAD
    0x20000038   0x0000003c   Data   RW         6497    .data               tasks.o
    0x20000074   0x00000014   Data   RW         6828    .data               timers.o
    0x20000088   0x0000000c   Data   RW         7464    .data               port.o
    0x20000094   0x00000004   Data   RW         7694    .data               mfcc_1.o
    0x20000098   0x00000cc4   Zero   RW          394    .bss                main.o
    0x20000d5c   0x00000040   Zero   RW          872    .bss                stm32f4xx_hal_timebase_tim.o
    0x20000d9c   0x00000070   Zero   RW         1285    .bss                esp32.o
    0x20000e0c   0x00000118   Zero   RW         6827    .bss                timers.o
    0x20000f24   0x00020000   Zero   RW         7412    .bss                heap_4.o
    0x20020f24   0x00000004   PAD
    0x20020f28   0x00000400   Zero   RW            1    STACK               startup_stm32f429xx.o


==============================================================================

Image component sizes


      Code (inc. data)   RO Data    RW Data    ZI Data      Debug   Object Name

        84          0          0          0          0        870   arm_add_q15.o
      3058          0          0          0          0       5702   arm_cfft_f32.o
      2824          8          0          0          0       3371   arm_cfft_radix8_f32.o
       628          0          0          0          0       4185   arm_fully_connected_mat_q7_vec_q15.o
       168          0          0          0          0       1255   arm_mult_q15.o
       232          8          0          0          0       1344   arm_nn_activations_q15.o
         0          0       2816          0          0       1100   arm_nntables.o
        74          0          0          0          0        833   arm_offset_q15.o
        82          0          0          0          0        923   arm_relu_q15.o
       522          0          0          0          0       3410   arm_rfft_fast_f32.o
       216          0          0          0          0       1100   arm_scale_q15.o
       222          0          0          0          0       1024   arm_shift_q15.o
        84          0          0          0          0        870   arm_sub_q15.o
       414         32          0          4       1720      30564   cmsis_os2.o
        92         28          0          0          0        555   direction.o
         0          0          0          0          0      13488   dnn.o
       764        192          6         40        112       7964   esp32.o
         0          0          0          0          0      16944   event_groups.o
      1246        632         66          0          0       3749   fault_handle.o
       752         58      18690          0          0       3595   gru.o
       692         62          0         24     131072       4871   heap_4.o
       144         46          0          5          0       2757   lcd.o
       148          0          0          0          0       3662   list.o
        80          4          0          0          0       1274   log.o
      3510        710        172         44       3268      36562   main.o
       664         22          0          4          0      16515   mfcc_1.o
       132         40          0          5          0       2303   motor.o
      1014         92          0         12          0      11873   port.o
      2964         26          0          0         64      25235   queue.o
       182          0          0          0          0       2925   ringbuff.o
         0          0          0          0          0       1084   rk_serial_protocol.o
       624         52          0         24       1208      28217   segger_rtt.o
        36          8        428          0       1024        852   startup_stm32f429xx.o
       136         24          0          9          0       9038   stm32f4xx_hal.o
       512        204          0          0          0      33878   stm32f4xx_hal_cortex.o
      1966        138          8          0          0       6642   stm32f4xx_hal_dma.o
      1428        264          0          0          0       4242   stm32f4xx_hal_gpio.o
       752         88          0          0          0       2199   stm32f4xx_hal_i2c.o
       404        146          0          0          0       2071   stm32f4xx_hal_i2c_ex.o
      1126         82          0          0          0       6158   stm32f4xx_hal_i2s.o
       912         26          0          0          0       4755   stm32f4xx_hal_i2s_ex.o
      2090        162          0          8          0       6659   stm32f4xx_hal_msp.o
       140         12          0          0          0       1328   stm32f4xx_hal_pwr_ex.o
      2588        210          0          0          0       6765   stm32f4xx_hal_rcc.o
      1680        228          0          0          0       2753   stm32f4xx_hal_rcc_ex.o
       162          0          0          0          0       2808   stm32f4xx_hal_sdram.o
      2096        172          0          0          0      11350   stm32f4xx_hal_spi.o
      1288        264          0          0          0       6706   stm32f4xx_hal_tim.o
         4          0          0          0          0       1633   stm32f4xx_hal_tim_ex.o
       136         12          0          0         64       1507   stm32f4xx_hal_timebase_tim.o
      2412        170          0          0          0       7300   stm32f4xx_hal_uart.o
       186         60          0          0          0       7935   stm32f4xx_it.o
      1300        248          0          0          0       4032   stm32f4xx_ll_fmc.o
        28          4         24          4          0       1179   system_stm32f4xx.o
      3444        396          0         60       1220      32480   tasks.o
      1318        124          0         20        280      13599   timers.o
       338         44          0         64        500     818033   voice_command.o

    ----------------------------------------------------------------------
     48144       5098      22280        336     140536    1236026   Object Totals
         0          0         64          0          0          0   (incl. Generated)
        46          0          6          9          4          0   (incl. Padding)

    ----------------------------------------------------------------------

      Code (inc. data)   RO Data    RW Data    ZI Data      Debug   Library Member Name

        42         12          0          0          0        348   funder.o
       364         44         64          0          0        140   logf.o
       224         30          0          0          0        172   round.o
        58          0          0          0          0          0   __dczerorl.o
         0          0          0          0          0          0   entry.o
         0          0          0          0          0          0   entry10a.o
         0          0          0          0          0          0   entry11a.o
         8          4          0          0          0          0   entry2.o
         4          0          0          0          0          0   entry5.o
         0          0          0          0          0          0   entry7b.o
         0          0          0          0          0          0   entry8b.o
         8          4          0          0          0          0   entry9a.o
        12          6          0          4          0         68   errno.o
        30          0          0          0          0          0   handlers.o
        36          8          0          0          0         68   init.o
         0          0          0          0          0          0   iusefp.o
        30          0          0          0          0         68   llshl.o
        36          0          0          0          0         68   llsshr.o
        32          0          0          0          0         68   llushr.o
        64          0          0          0          0         76   memmovea.o
        36          0          0          0          0        108   memseta.o
      2252         84          0          0          0        508   printfa.o
        18          0          0          0          0         68   strcpy.o
        14          0          0          0          0         68   strlen.o
        44          0          0          0          0         80   uidiv.o
        98          0          0          0          0         92   uldiv.o
        48          0          0          0          0         68   cdcmple.o
        48          0          0          0          0         68   cdrcmple.o
        56          0          0          0          0         88   d2f.o
       334          0          0          0          0        148   dadd.o
       222          0          0          0          0        100   ddiv.o
       186          0          0          0          0        176   depilogue.o
        48          0          0          0          0         68   dfixul.o
       228          0          0          0          0         96   dmul.o
       136          4          0          0          0         92   drnd.o
        38          0          0          0          0         68   f2d.o
       110          0          0          0          0        168   fepilogue.o

    ----------------------------------------------------------------------
      4876        200         64          4          0       3140   Library Totals
        12          4          0          0          0          0   (incl. Padding)

    ----------------------------------------------------------------------

      Code (inc. data)   RO Data    RW Data    ZI Data      Debug   Library Name

       630         86         64          0          0        660   m_wm.l
      2780        106          0          4          0       1340   mc_w.l
      1454          4          0          0          0       1140   mf_w.l

    ----------------------------------------------------------------------
      4876        200         64          4          0       3140   Library Totals

    ----------------------------------------------------------------------

==============================================================================


      Code (inc. data)   RO Data    RW Data    ZI Data      Debug   

     53020       5298      22344        340     140536    1209250   Grand Totals
     53020       5298      22344        340     140536    1209250   ELF Image Totals
     53020       5298      22344        340          0          0   ROM Totals

==============================================================================

    Total RO  Size (Code + RO Data)                75364 (  73.60kB)
    Total RW  Size (RW Data + ZI Data)            140876 ( 137.57kB)
    Total ROM Size (Code + RO Data + RW Data)      75704 (  73.93kB)

==============================================================================

